# Path: /Users/ds/Library/Developer/Xcode/DerivedData/s3eHidController_osx-bytwozphdbmasafzssdsykoikolj/Build/Products/Debug/s3eHidController_osx.dylib
# Arch: i386
# Object files:
[  0] linker synthesized
[  1] /Users/ds/Library/Developer/Xcode/DerivedData/s3eHidController_osx-bytwozphdbmasafzssdsykoikolj/Build/Intermediates/s3eHidController_osx.build/Debug/s3eHidController_osx.build/Objects-normal/i386/s3eHidController.o
[  2] /Users/ds/Library/Developer/Xcode/DerivedData/s3eHidController_osx-bytwozphdbmasafzssdsykoikolj/Build/Intermediates/s3eHidController_osx.build/Debug/s3eHidController_osx.build/Objects-normal/i386/s3eHidController_register.o
[  3] /Users/ds/Library/Developer/Xcode/DerivedData/s3eHidController_osx-bytwozphdbmasafzssdsykoikolj/Build/Intermediates/s3eHidController_osx.build/Debug/s3eHidController_osx.build/Objects-normal/i386/Xbox360Controller.o
[  4] /Users/ds/Library/Developer/Xcode/DerivedData/s3eHidController_osx-bytwozphdbmasafzssdsykoikolj/Build/Intermediates/s3eHidController_osx.build/Debug/s3eHidController_osx.build/Objects-normal/i386/Xbox360ControllerManager.o
[  5] /Users/ds/Library/Developer/Xcode/DerivedData/s3eHidController_osx-bytwozphdbmasafzssdsykoikolj/Build/Intermediates/s3eHidController_osx.build/Debug/s3eHidController_osx.build/Objects-normal/i386/s3eHidController_platform.o
[  6] /Applications/Marmalade.app/Contents/s3e/edk/lib/osx/libedk.a(iwcrt_api_bind.o)
[  7] /Applications/Marmalade.app/Contents/s3e/edk/lib/osx/libedk.a(iwcrt_api_define.o)
[  8] /Applications/Marmalade.app/Contents/s3e/edk/lib/osx/libedk.a(IwMain.o)
[  9] /Applications/Xcode.app/Contents/Developer/Platforms/MacOSX.platform/Developer/SDKs/MacOSX10.11.sdk/System/Library/Frameworks//IOKit.framework/IOKit.tbd
[ 10] /Applications/Xcode.app/Contents/Developer/Platforms/MacOSX.platform/Developer/SDKs/MacOSX10.11.sdk/System/Library/Frameworks//ForceFeedback.framework/ForceFeedback.tbd
[ 11] /Applications/Xcode.app/Contents/Developer/Platforms/MacOSX.platform/Developer/SDKs/MacOSX10.11.sdk/usr/lib/libSystem.tbd
[ 12] /Applications/Xcode.app/Contents/Developer/Platforms/MacOSX.platform/Developer/SDKs/MacOSX10.11.sdk/System/Library/Frameworks//Foundation.framework/Versions/C/Foundation.tbd
[ 13] /Applications/Xcode.app/Contents/Developer/Platforms/MacOSX.platform/Developer/SDKs/MacOSX10.11.sdk/System/Library/Frameworks//CoreFoundation.framework/Versions/A/CoreFoundation.tbd
[ 14] /Applications/Xcode.app/Contents/Developer/Platforms/MacOSX.platform/Developer/SDKs/MacOSX10.11.sdk/usr/lib/libobjc.A.tbd
# Sections:
# Address	Size    	Segment	Section
0x00001730	0x00010AC2	__TEXT	__text
0x000121F2	0x0000011A	__TEXT	__symbol_stub
0x0001230C	0x000001D8	__TEXT	__stub_helper
0x000124E4	0x00003F49	__TEXT	__cstring
0x00016430	0x00000018	__TEXT	__const
0x00016448	0x000000D0	__TEXT	__unwind_info
0x00016518	0x0000AAE8	__TEXT	__eh_frame
0x00021000	0x00000084	__DATA	__nl_symbol_ptr
0x00021084	0x000000BC	__DATA	__la_symbol_ptr
0x00021140	0x00000100	__DATA	__cfstring
0x00021240	0x00002D32	__DATA	__data
0x00023F74	0x00000304	__DATA	__bss
0x00025000	0x00000060	__OBJC	__class
0x00025060	0x00000184	__OBJC	__message_refs
0x000251E4	0x00000060	__OBJC	__meta_class
0x00025244	0x0000026C	__OBJC	__instance_vars
0x000254B0	0x00000244	__OBJC	__inst_meth
0x000256F4	0x000000E8	__OBJC	__property
0x000257DC	0x00000018	__OBJC	__class_ext
0x000257F4	0x00000020	__OBJC	__symbols
0x00025814	0x00000030	__OBJC	__module_info
0x00025844	0x0000001C	__OBJC	__cls_refs
0x00025860	0x00000020	__OBJC	__cls_meth
0x00025880	0x00000008	__OBJC	__image_info
# Symbols:
# Address	Size    	File  Name
0x00001730	0x00000010	[  1] __Z20s3eHidControllerInitv
0x00001740	0x00000010	[  1] __Z25s3eHidControllerTerminatev
0x00001750	0x00000020	[  1] _s3eHidControllerIsConnected
0x00001770	0x00000020	[  1] _s3eHidControllerUpdate
0x00001790	0x00000020	[  1] _s3eHidControllerUpdateLegacy
0x000017B0	0x00000020	[  1] _s3eHidControllerGetStick1XAxis
0x000017D0	0x00000020	[  1] _s3eHidControllerGetStick1YAxis
0x000017F0	0x00000020	[  1] _s3eHidControllerGetStick2XAxis
0x00001810	0x00000020	[  1] _s3eHidControllerGetStick2YAxis
0x00001830	0x00000020	[  1] _s3eHidControllerGetLeftTrigger
0x00001850	0x00000020	[  1] _s3eHidControllerGetRightTrigger
0x00001870	0x00000020	[  1] _s3eHidControllerGetButtonX
0x00001890	0x00000020	[  1] _s3eHidControllerGetButtonY
0x000018B0	0x00000020	[  1] _s3eHidControllerGetButtonA
0x000018D0	0x00000020	[  1] _s3eHidControllerGetButtonB
0x000018F0	0x00000020	[  1] _s3eHidControllerGetButtonDPadLeft
0x00001910	0x00000020	[  1] _s3eHidControllerGetButtonDPadRight
0x00001930	0x00000020	[  1] _s3eHidControllerGetButtonDPadUp
0x00001950	0x00000020	[  1] _s3eHidControllerGetButtonDPadDown
0x00001970	0x00000020	[  1] _s3eHidControllerGetButtonLShoulderDown
0x00001990	0x00000020	[  1] _s3eHidControllerGetButtonRShoulderDown
0x000019B0	0x00000020	[  1] _s3eHidControllerGetButtonStart
0x000019D0	0x00000020	[  1] _s3eHidControllerGetButtonSelect
0x000019F0	0x00000020	[  1] _s3eHidControllerGetButtonStick1
0x00001A10	0x00000015	[  1] _s3eHidControllerGetButtonStick2
0x00001A30	0x00000370	[  2] __Z27s3eHidControllerRegisterExtv
0x00001DA0	0x00000010	[  2] _RegisterExt
0x00001DB0	0x00000630	[  3] -[Xbox360Controller initWithHidDevice:]
0x000023E0	0x00000230	[  3] -[Xbox360Controller dealloc]
0x00002610	0x00000090	[  3] -[Xbox360Controller runMotorsLarge:Small:]
0x000026A0	0x000000A0	[  3] -[Xbox360Controller setMotorOverride:]
0x00002740	0x00000340	[  3] -[Xbox360Controller axisChanged:newValue:]
0x00002A80	0x00000110	[  3] -[Xbox360Controller buttonDelegateMethod:Released:State:]
0x00002B90	0x000004D0	[  3] -[Xbox360Controller buttonChanged:newValue:]
0x00003060	0x00000210	[  3] -[Xbox360Controller eventQueueFired:withResult:]
0x00003270	0x00000700	[  3] -[Xbox360Controller startDevice]
0x00003970	0x00000070	[  3] _Xbox360ControllerCallback
0x000039E0	0x00000190	[  3] -[Xbox360Controller stopDevice]
0x00003B70	0x00000070	[  3] -[Xbox360Controller leftStickX]
0x00003BE0	0x00000070	[  3] -[Xbox360Controller leftStickY]
0x00003C50	0x00000070	[  3] -[Xbox360Controller rightStickX]
0x00003CC0	0x00000070	[  3] -[Xbox360Controller rightStickY]
0x00003D30	0x000002C0	[  3] -[Xbox360Controller deviceIsAccessible]
0x00003FF0	0x000000C0	[  3] -[Xbox360Controller disconnect]
0x000040B0	0x00000020	[  3] -[Xbox360Controller myHid]
0x000040D0	0x00000030	[  3] -[Xbox360Controller leftTrigger]
0x00004100	0x00000030	[  3] -[Xbox360Controller rightTrigger]
0x00004130	0x00000030	[  3] -[Xbox360Controller a]
0x00004160	0x00000030	[  3] -[Xbox360Controller b]
0x00004190	0x00000030	[  3] -[Xbox360Controller x]
0x000041C0	0x00000030	[  3] -[Xbox360Controller y]
0x000041F0	0x00000030	[  3] -[Xbox360Controller leftShoulder]
0x00004220	0x00000030	[  3] -[Xbox360Controller rightShoulder]
0x00004250	0x00000030	[  3] -[Xbox360Controller leftStick]
0x00004280	0x00000030	[  3] -[Xbox360Controller rightStick]
0x000042B0	0x00000030	[  3] -[Xbox360Controller start]
0x000042E0	0x00000030	[  3] -[Xbox360Controller back]
0x00004310	0x00000030	[  3] -[Xbox360Controller home]
0x00004340	0x00000030	[  3] -[Xbox360Controller up]
0x00004370	0x00000030	[  3] -[Xbox360Controller down]
0x000043A0	0x00000030	[  3] -[Xbox360Controller left]
0x000043D0	0x00000030	[  3] -[Xbox360Controller right]
0x00004400	0x00000040	[  3] -[Xbox360Controller delegate]
0x00004440	0x00000070	[  3] -[Xbox360Controller setDelegate:]
0x000044B0	0x00000030	[  3] -[Xbox360Controller invertX]
0x000044E0	0x00000030	[  3] -[Xbox360Controller setInvertX:]
0x00004510	0x00000030	[  3] -[Xbox360Controller invertY]
0x00004540	0x00000026	[  3] -[Xbox360Controller setInvertY:]
0x00004570	0x00000030	[  4] +[Xbox360ControllerManager sharedInstance]
0x000045A0	0x00000090	[  4] +[Xbox360ControllerManager initialize]
0x00004630	0x000002F0	[  4] -[Xbox360ControllerManager init]
0x00004920	0x00000080	[  4] _callbackHandleDevice
0x000049A0	0x00000060	[  4] -[Xbox360ControllerManager dealloc]
0x00004A00	0x00000250	[  4] -[Xbox360ControllerManager controllerWithHid:]
0x00004C50	0x00000040	[  4] -[Xbox360ControllerManager controllerCount]
0x00004C90	0x000000A0	[  4] -[Xbox360ControllerManager getController:]
0x00004D30	0x00000780	[  4] -[Xbox360ControllerManager updateControllers]
0x000054B0	0x00000080	[  4] _GetDeviceValue
0x00005530	0x00000170	[  4] _SanitiseName
0x000056A0	0x0000021C	[  4] -[Xbox360ControllerManager setAllDelegates:]
0x000058C0	0x00000030	[  5] __Z29s3eHidControllerInit_platformv
0x000058F0	0x00000010	[  5] __Z34s3eHidControllerTerminate_platformv
0x00005900	0x00000060	[  5] __Z36s3eHidControllerIsConnected_platformv
0x00005960	0x00000060	[  5] __Z31s3eHidControllerUpdate_platformv
0x000059C0	0x000000E0	[  5] __Z39s3eHidControllerGetStick1XAxis_platformv
0x00005AA0	0x000000E0	[  5] __Z39s3eHidControllerGetStick1YAxis_platformv
0x00005B80	0x000000E0	[  5] __Z39s3eHidControllerGetStick2XAxis_platformv
0x00005C60	0x000000E0	[  5] __Z39s3eHidControllerGetStick2YAxis_platformv
0x00005D40	0x000000E0	[  5] __Z39s3eHidControllerGetLeftTrigger_platformv
0x00005E20	0x000000E0	[  5] __Z40s3eHidControllerGetRightTrigger_platformv
0x00005F00	0x000000D0	[  5] __Z35s3eHidControllerGetButtonX_platformv
0x00005FD0	0x000000D0	[  5] __Z35s3eHidControllerGetButtonY_platformv
0x000060A0	0x00000130	[  5] __Z35s3eHidControllerGetButtonA_platformv
0x000061D0	0x000000D0	[  5] __Z35s3eHidControllerGetButtonB_platformv
0x000062A0	0x000000D0	[  5] __Z42s3eHidControllerGetButtonDPadLeft_platformv
0x00006370	0x000000D0	[  5] __Z43s3eHidControllerGetButtonDPadRight_platformv
0x00006440	0x000000D0	[  5] __Z40s3eHidControllerGetButtonDPadUp_platformv
0x00006510	0x000000D0	[  5] __Z42s3eHidControllerGetButtonDPadDown_platformv
0x000065E0	0x000000D0	[  5] __Z47s3eHidControllerGetButtonLShoulderDown_platformv
0x000066B0	0x000000D0	[  5] __Z47s3eHidControllerGetButtonRShoulderDown_platformv
0x00006780	0x000000D0	[  5] __Z39s3eHidControllerGetButtonStart_platformv
0x00006850	0x000000D0	[  5] __Z40s3eHidControllerGetButtonSelect_platformv
0x00006920	0x000000D0	[  5] __Z40s3eHidControllerGetButtonStick1_platformv
0x000069F0	0x000000C8	[  5] __Z40s3eHidControllerGetButtonStick2_platformv
0x00006AC0	0x00000230	[  6] __IwBindAPI
0x00006CF0	0x00000022	[  6] __IwAppEntry
0x00006D20	0x00000020	[  7] ___eglBindAPI
0x00006D40	0x00000020	[  7] ___eglBindTexImage
0x00006D60	0x00000020	[  7] ___eglChooseConfig
0x00006D80	0x00000020	[  7] ___eglCopyBuffers
0x00006DA0	0x00000020	[  7] ___eglCreateContext
0x00006DC0	0x00000020	[  7] ___eglCreatePbufferFromClientBuffer
0x00006DE0	0x00000020	[  7] ___eglCreatePbufferSurface
0x00006E00	0x00000020	[  7] ___eglCreatePixmapSurface
0x00006E20	0x00000020	[  7] ___eglCreateWindowSurface
0x00006E40	0x00000020	[  7] ___eglDestroyContext
0x00006E60	0x00000020	[  7] ___eglDestroySurface
0x00006E80	0x00000020	[  7] ___eglGetConfigAttrib
0x00006EA0	0x00000020	[  7] ___eglGetConfigs
0x00006EC0	0x00000020	[  7] ___eglGetCurrentContext
0x00006EE0	0x00000020	[  7] ___eglGetCurrentDisplay
0x00006F00	0x00000020	[  7] ___eglGetCurrentSurface
0x00006F20	0x00000020	[  7] ___eglGetDisplay
0x00006F40	0x00000020	[  7] ___eglGetError
0x00006F60	0x00000020	[  7] ___eglGetProcAddress
0x00006F80	0x00000020	[  7] ___eglInitialize
0x00006FA0	0x00000020	[  7] ___eglMakeCurrent
0x00006FC0	0x00000020	[  7] ___eglQueryAPI
0x00006FE0	0x00000020	[  7] ___eglQueryContext
0x00007000	0x00000020	[  7] ___eglQueryString
0x00007020	0x00000020	[  7] ___eglQuerySurface
0x00007040	0x00000020	[  7] ___eglReleaseTexImage
0x00007060	0x00000020	[  7] ___eglReleaseThread
0x00007080	0x00000020	[  7] ___eglSurfaceAttrib
0x000070A0	0x00000020	[  7] ___eglSwapBuffers
0x000070C0	0x00000020	[  7] ___eglSwapInterval
0x000070E0	0x00000020	[  7] ___eglTerminate
0x00007100	0x00000020	[  7] ___eglWaitClient
0x00007120	0x00000020	[  7] ___eglWaitGL
0x00007140	0x00000020	[  7] ___eglWaitNative
0x00007160	0x00000020	[  7] ___glActiveShaderProgram
0x00007180	0x00000020	[  7] ___glActiveTexture
0x000071A0	0x00000020	[  7] ___glAlphaFunc
0x000071C0	0x00000020	[  7] ___glAlphaFuncx
0x000071E0	0x00000020	[  7] ___glAttachShader
0x00007200	0x00000020	[  7] ___glBeginQuery
0x00007220	0x00000020	[  7] ___glBeginTransformFeedback
0x00007240	0x00000020	[  7] ___glBindAttribLocation
0x00007260	0x00000020	[  7] ___glBindBuffer
0x00007280	0x00000020	[  7] ___glBindBufferBase
0x000072A0	0x00000020	[  7] ___glBindBufferRange
0x000072C0	0x00000020	[  7] ___glBindFramebuffer
0x000072E0	0x00000020	[  7] ___glBindImageTexture
0x00007300	0x00000020	[  7] ___glBindProgramPipeline
0x00007320	0x00000020	[  7] ___glBindRenderbuffer
0x00007340	0x00000020	[  7] ___glBindSampler
0x00007360	0x00000020	[  7] ___glBindTexture
0x00007380	0x00000020	[  7] ___glBindTransformFeedback
0x000073A0	0x00000020	[  7] ___glBindVertexArray
0x000073C0	0x00000020	[  7] ___glBindVertexBuffer
0x000073E0	0x00000020	[  7] ___glBlendColor
0x00007400	0x00000020	[  7] ___glBlendEquation
0x00007420	0x00000020	[  7] ___glBlendEquationSeparate
0x00007440	0x00000020	[  7] ___glBlendFunc
0x00007460	0x00000020	[  7] ___glBlendFuncSeparate
0x00007480	0x00000020	[  7] ___glBlitFramebuffer
0x000074A0	0x00000020	[  7] ___glBufferData
0x000074C0	0x00000020	[  7] ___glBufferSubData
0x000074E0	0x00000020	[  7] ___glCheckFramebufferStatus
0x00007500	0x00000020	[  7] ___glClear
0x00007520	0x00000020	[  7] ___glClearBufferfi
0x00007540	0x00000020	[  7] ___glClearBufferfv
0x00007560	0x00000020	[  7] ___glClearBufferiv
0x00007580	0x00000020	[  7] ___glClearBufferuiv
0x000075A0	0x00000020	[  7] ___glClearColor
0x000075C0	0x00000020	[  7] ___glClearColorx
0x000075E0	0x00000020	[  7] ___glClearDepthf
0x00007600	0x00000020	[  7] ___glClearDepthx
0x00007620	0x00000020	[  7] ___glClearStencil
0x00007640	0x00000020	[  7] ___glClientActiveTexture
0x00007660	0x00000020	[  7] ___glClientWaitSync
0x00007680	0x00000020	[  7] ___glClipPlanef
0x000076A0	0x00000020	[  7] ___glClipPlanex
0x000076C0	0x00000020	[  7] ___glColor4f
0x000076E0	0x00000020	[  7] ___glColor4ub
0x00007700	0x00000020	[  7] ___glColor4x
0x00007720	0x00000020	[  7] ___glColorMask
0x00007740	0x00000020	[  7] ___glColorPointer
0x00007760	0x00000020	[  7] ___glCompileShader
0x00007780	0x00000020	[  7] ___glCompressedTexImage2D
0x000077A0	0x00000020	[  7] ___glCompressedTexImage3D
0x000077C0	0x00000020	[  7] ___glCompressedTexSubImage2D
0x000077E0	0x00000020	[  7] ___glCompressedTexSubImage3D
0x00007800	0x00000020	[  7] ___glCopyBufferSubData
0x00007820	0x00000020	[  7] ___glCopyTexImage2D
0x00007840	0x00000020	[  7] ___glCopyTexSubImage2D
0x00007860	0x00000020	[  7] ___glCopyTexSubImage3D
0x00007880	0x00000020	[  7] ___glCreateProgram
0x000078A0	0x00000020	[  7] ___glCreateShader
0x000078C0	0x00000020	[  7] ___glCreateShaderProgramv
0x000078E0	0x00000020	[  7] ___glCullFace
0x00007900	0x00000020	[  7] ___glCurrentPaletteMatrixOES
0x00007920	0x00000020	[  7] ___glDeleteBuffers
0x00007940	0x00000020	[  7] ___glDeleteFramebuffers
0x00007960	0x00000020	[  7] ___glDeleteProgram
0x00007980	0x00000020	[  7] ___glDeleteProgramPipelines
0x000079A0	0x00000020	[  7] ___glDeleteQueries
0x000079C0	0x00000020	[  7] ___glDeleteRenderbuffers
0x000079E0	0x00000020	[  7] ___glDeleteSamplers
0x00007A00	0x00000020	[  7] ___glDeleteShader
0x00007A20	0x00000020	[  7] ___glDeleteSync
0x00007A40	0x00000020	[  7] ___glDeleteTextures
0x00007A60	0x00000020	[  7] ___glDeleteTransformFeedbacks
0x00007A80	0x00000020	[  7] ___glDeleteVertexArrays
0x00007AA0	0x00000020	[  7] ___glDepthFunc
0x00007AC0	0x00000020	[  7] ___glDepthMask
0x00007AE0	0x00000020	[  7] ___glDepthRangef
0x00007B00	0x00000020	[  7] ___glDepthRangex
0x00007B20	0x00000020	[  7] ___glDetachShader
0x00007B40	0x00000020	[  7] ___glDisable
0x00007B60	0x00000020	[  7] ___glDisableClientState
0x00007B80	0x00000020	[  7] ___glDisableVertexAttribArray
0x00007BA0	0x00000020	[  7] ___glDispatchCompute
0x00007BC0	0x00000020	[  7] ___glDispatchComputeIndirect
0x00007BE0	0x00000020	[  7] ___glDrawArrays
0x00007C00	0x00000020	[  7] ___glDrawArraysIndirect
0x00007C20	0x00000020	[  7] ___glDrawArraysInstanced
0x00007C40	0x00000020	[  7] ___glDrawBuffers
0x00007C60	0x00000020	[  7] ___glDrawElements
0x00007C80	0x00000020	[  7] ___glDrawElementsIndirect
0x00007CA0	0x00000020	[  7] ___glDrawElementsInstanced
0x00007CC0	0x00000020	[  7] ___glDrawRangeElements
0x00007CE0	0x00000020	[  7] ___glEnable
0x00007D00	0x00000020	[  7] ___glEnableClientState
0x00007D20	0x00000020	[  7] ___glEnableVertexAttribArray
0x00007D40	0x00000020	[  7] ___glEndQuery
0x00007D60	0x00000020	[  7] ___glEndTransformFeedback
0x00007D80	0x00000020	[  7] ___glFenceSync
0x00007DA0	0x00000020	[  7] ___glFinish
0x00007DC0	0x00000020	[  7] ___glFlush
0x00007DE0	0x00000020	[  7] ___glFlushMappedBufferRange
0x00007E00	0x00000020	[  7] ___glFogf
0x00007E20	0x00000020	[  7] ___glFogfv
0x00007E40	0x00000020	[  7] ___glFogx
0x00007E60	0x00000020	[  7] ___glFogxv
0x00007E80	0x00000020	[  7] ___glFramebufferParameteri
0x00007EA0	0x00000020	[  7] ___glFramebufferRenderbuffer
0x00007EC0	0x00000020	[  7] ___glFramebufferTexture2D
0x00007EE0	0x00000020	[  7] ___glFramebufferTextureLayer
0x00007F00	0x00000020	[  7] ___glFrontFace
0x00007F20	0x00000020	[  7] ___glFrustumf
0x00007F40	0x00000020	[  7] ___glFrustumx
0x00007F60	0x00000020	[  7] ___glGenBuffers
0x00007F80	0x00000020	[  7] ___glGenFramebuffers
0x00007FA0	0x00000020	[  7] ___glGenProgramPipelines
0x00007FC0	0x00000020	[  7] ___glGenQueries
0x00007FE0	0x00000020	[  7] ___glGenRenderbuffers
0x00008000	0x00000020	[  7] ___glGenSamplers
0x00008020	0x00000020	[  7] ___glGenTextures
0x00008040	0x00000020	[  7] ___glGenTransformFeedbacks
0x00008060	0x00000020	[  7] ___glGenVertexArrays
0x00008080	0x00000020	[  7] ___glGenerateMipmap
0x000080A0	0x00000020	[  7] ___glGetActiveAttrib
0x000080C0	0x00000020	[  7] ___glGetActiveUniform
0x000080E0	0x00000020	[  7] ___glGetActiveUniformBlockName
0x00008100	0x00000020	[  7] ___glGetActiveUniformBlockiv
0x00008120	0x00000020	[  7] ___glGetActiveUniformsiv
0x00008140	0x00000020	[  7] ___glGetAttachedShaders
0x00008160	0x00000020	[  7] ___glGetAttribLocation
0x00008180	0x00000020	[  7] ___glGetBooleani_v
0x000081A0	0x00000020	[  7] ___glGetBooleanv
0x000081C0	0x00000020	[  7] ___glGetBufferParameteri64v
0x000081E0	0x00000020	[  7] ___glGetBufferParameteriv
0x00008200	0x00000020	[  7] ___glGetBufferPointerv
0x00008220	0x00000020	[  7] ___glGetClipPlanef
0x00008240	0x00000020	[  7] ___glGetClipPlanex
0x00008260	0x00000020	[  7] ___glGetError
0x00008280	0x00000020	[  7] ___glGetFixedv
0x000082A0	0x00000020	[  7] ___glGetFloatv
0x000082C0	0x00000020	[  7] ___glGetFragDataLocation
0x000082E0	0x00000020	[  7] ___glGetFramebufferAttachmentParameteriv
0x00008300	0x00000020	[  7] ___glGetFramebufferParameteriv
0x00008320	0x00000020	[  7] ___glGetInteger64i_v
0x00008340	0x00000020	[  7] ___glGetInteger64v
0x00008360	0x00000020	[  7] ___glGetIntegeri_v
0x00008380	0x00000020	[  7] ___glGetIntegerv
0x000083A0	0x00000020	[  7] ___glGetInternalformativ
0x000083C0	0x00000020	[  7] ___glGetLightfv
0x000083E0	0x00000020	[  7] ___glGetLightxv
0x00008400	0x00000020	[  7] ___glGetMaterialfv
0x00008420	0x00000020	[  7] ___glGetMaterialxv
0x00008440	0x00000020	[  7] ___glGetMultisamplefv
0x00008460	0x00000020	[  7] ___glGetPointerv
0x00008480	0x00000020	[  7] ___glGetProgramBinary
0x000084A0	0x00000020	[  7] ___glGetProgramInfoLog
0x000084C0	0x00000020	[  7] ___glGetProgramInterfaceiv
0x000084E0	0x00000020	[  7] ___glGetProgramPipelineInfoLog
0x00008500	0x00000020	[  7] ___glGetProgramPipelineiv
0x00008520	0x00000020	[  7] ___glGetProgramResourceIndex
0x00008540	0x00000020	[  7] ___glGetProgramResourceLocation
0x00008560	0x00000020	[  7] ___glGetProgramResourceName
0x00008580	0x00000020	[  7] ___glGetProgramResourceiv
0x000085A0	0x00000020	[  7] ___glGetProgramiv
0x000085C0	0x00000020	[  7] ___glGetQueryObjectuiv
0x000085E0	0x00000020	[  7] ___glGetQueryiv
0x00008600	0x00000020	[  7] ___glGetRenderbufferParameteriv
0x00008620	0x00000020	[  7] ___glGetSamplerParameterfv
0x00008640	0x00000020	[  7] ___glGetSamplerParameteriv
0x00008660	0x00000020	[  7] ___glGetShaderInfoLog
0x00008680	0x00000020	[  7] ___glGetShaderPrecisionFormat
0x000086A0	0x00000020	[  7] ___glGetShaderSource
0x000086C0	0x00000020	[  7] ___glGetShaderiv
0x000086E0	0x00000020	[  7] ___glGetString
0x00008700	0x00000020	[  7] ___glGetStringi
0x00008720	0x00000020	[  7] ___glGetSynciv
0x00008740	0x00000020	[  7] ___glGetTexEnvfv
0x00008760	0x00000020	[  7] ___glGetTexEnviv
0x00008780	0x00000020	[  7] ___glGetTexEnvxv
0x000087A0	0x00000020	[  7] ___glGetTexLevelParameterfv
0x000087C0	0x00000020	[  7] ___glGetTexLevelParameteriv
0x000087E0	0x00000020	[  7] ___glGetTexParameterfv
0x00008800	0x00000020	[  7] ___glGetTexParameteriv
0x00008820	0x00000020	[  7] ___glGetTexParameterxv
0x00008840	0x00000020	[  7] ___glGetTransformFeedbackVarying
0x00008860	0x00000020	[  7] ___glGetUniformBlockIndex
0x00008880	0x00000020	[  7] ___glGetUniformIndices
0x000088A0	0x00000020	[  7] ___glGetUniformLocation
0x000088C0	0x00000020	[  7] ___glGetUniformfv
0x000088E0	0x00000020	[  7] ___glGetUniformiv
0x00008900	0x00000020	[  7] ___glGetUniformuiv
0x00008920	0x00000020	[  7] ___glGetVertexAttribIiv
0x00008940	0x00000020	[  7] ___glGetVertexAttribIuiv
0x00008960	0x00000020	[  7] ___glGetVertexAttribPointerv
0x00008980	0x00000020	[  7] ___glGetVertexAttribfv
0x000089A0	0x00000020	[  7] ___glGetVertexAttribiv
0x000089C0	0x00000020	[  7] ___glHint
0x000089E0	0x00000020	[  7] ___glInvalidateFramebuffer
0x00008A00	0x00000020	[  7] ___glInvalidateSubFramebuffer
0x00008A20	0x00000020	[  7] ___glIsBuffer
0x00008A40	0x00000020	[  7] ___glIsEnabled
0x00008A60	0x00000020	[  7] ___glIsFramebuffer
0x00008A80	0x00000020	[  7] ___glIsProgram
0x00008AA0	0x00000020	[  7] ___glIsProgramPipeline
0x00008AC0	0x00000020	[  7] ___glIsQuery
0x00008AE0	0x00000020	[  7] ___glIsRenderbuffer
0x00008B00	0x00000020	[  7] ___glIsSampler
0x00008B20	0x00000020	[  7] ___glIsShader
0x00008B40	0x00000020	[  7] ___glIsSync
0x00008B60	0x00000020	[  7] ___glIsTexture
0x00008B80	0x00000020	[  7] ___glIsTransformFeedback
0x00008BA0	0x00000020	[  7] ___glIsVertexArray
0x00008BC0	0x00000020	[  7] ___glLightModelf
0x00008BE0	0x00000020	[  7] ___glLightModelfv
0x00008C00	0x00000020	[  7] ___glLightModelx
0x00008C20	0x00000020	[  7] ___glLightModelxv
0x00008C40	0x00000020	[  7] ___glLightf
0x00008C60	0x00000020	[  7] ___glLightfv
0x00008C80	0x00000020	[  7] ___glLightx
0x00008CA0	0x00000020	[  7] ___glLightxv
0x00008CC0	0x00000020	[  7] ___glLineWidth
0x00008CE0	0x00000020	[  7] ___glLineWidthx
0x00008D00	0x00000020	[  7] ___glLinkProgram
0x00008D20	0x00000020	[  7] ___glLoadIdentity
0x00008D40	0x00000020	[  7] ___glLoadMatrixf
0x00008D60	0x00000020	[  7] ___glLoadMatrixx
0x00008D80	0x00000020	[  7] ___glLogicOp
0x00008DA0	0x00000020	[  7] ___glMapBufferRange
0x00008DC0	0x00000020	[  7] ___glMaterialf
0x00008DE0	0x00000020	[  7] ___glMaterialfv
0x00008E00	0x00000020	[  7] ___glMaterialx
0x00008E20	0x00000020	[  7] ___glMaterialxv
0x00008E40	0x00000020	[  7] ___glMatrixIndexPointerOES
0x00008E60	0x00000020	[  7] ___glMatrixMode
0x00008E80	0x00000020	[  7] ___glMemoryBarrier
0x00008EA0	0x00000020	[  7] ___glMemoryBarrierByRegion
0x00008EC0	0x00000020	[  7] ___glMultMatrixf
0x00008EE0	0x00000020	[  7] ___glMultMatrixx
0x00008F00	0x00000020	[  7] ___glMultiTexCoord4f
0x00008F20	0x00000020	[  7] ___glMultiTexCoord4x
0x00008F40	0x00000020	[  7] ___glNormal3f
0x00008F60	0x00000020	[  7] ___glNormal3x
0x00008F80	0x00000020	[  7] ___glNormalPointer
0x00008FA0	0x00000020	[  7] ___glOrthof
0x00008FC0	0x00000020	[  7] ___glOrthox
0x00008FE0	0x00000020	[  7] ___glPauseTransformFeedback
0x00009000	0x00000020	[  7] ___glPixelStorei
0x00009020	0x00000020	[  7] ___glPointParameterf
0x00009040	0x00000020	[  7] ___glPointParameterfv
0x00009060	0x00000020	[  7] ___glPointParameterx
0x00009080	0x00000020	[  7] ___glPointParameterxv
0x000090A0	0x00000020	[  7] ___glPointSize
0x000090C0	0x00000020	[  7] ___glPointSizePointerOES
0x000090E0	0x00000020	[  7] ___glPointSizex
0x00009100	0x00000020	[  7] ___glPolygonOffset
0x00009120	0x00000020	[  7] ___glPolygonOffsetx
0x00009140	0x00000020	[  7] ___glPopMatrix
0x00009160	0x00000020	[  7] ___glProgramBinary
0x00009180	0x00000020	[  7] ___glProgramParameteri
0x000091A0	0x00000020	[  7] ___glProgramUniform1f
0x000091C0	0x00000020	[  7] ___glProgramUniform1fv
0x000091E0	0x00000020	[  7] ___glProgramUniform1i
0x00009200	0x00000020	[  7] ___glProgramUniform1iv
0x00009220	0x00000020	[  7] ___glProgramUniform1ui
0x00009240	0x00000020	[  7] ___glProgramUniform1uiv
0x00009260	0x00000020	[  7] ___glProgramUniform2f
0x00009280	0x00000020	[  7] ___glProgramUniform2fv
0x000092A0	0x00000020	[  7] ___glProgramUniform2i
0x000092C0	0x00000020	[  7] ___glProgramUniform2iv
0x000092E0	0x00000020	[  7] ___glProgramUniform2ui
0x00009300	0x00000020	[  7] ___glProgramUniform2uiv
0x00009320	0x00000020	[  7] ___glProgramUniform3f
0x00009340	0x00000020	[  7] ___glProgramUniform3fv
0x00009360	0x00000020	[  7] ___glProgramUniform3i
0x00009380	0x00000020	[  7] ___glProgramUniform3iv
0x000093A0	0x00000020	[  7] ___glProgramUniform3ui
0x000093C0	0x00000020	[  7] ___glProgramUniform3uiv
0x000093E0	0x00000020	[  7] ___glProgramUniform4f
0x00009400	0x00000020	[  7] ___glProgramUniform4fv
0x00009420	0x00000020	[  7] ___glProgramUniform4i
0x00009440	0x00000020	[  7] ___glProgramUniform4iv
0x00009460	0x00000020	[  7] ___glProgramUniform4ui
0x00009480	0x00000020	[  7] ___glProgramUniform4uiv
0x000094A0	0x00000020	[  7] ___glProgramUniformMatrix2fv
0x000094C0	0x00000020	[  7] ___glProgramUniformMatrix2x3fv
0x000094E0	0x00000020	[  7] ___glProgramUniformMatrix2x4fv
0x00009500	0x00000020	[  7] ___glProgramUniformMatrix3fv
0x00009520	0x00000020	[  7] ___glProgramUniformMatrix3x2fv
0x00009540	0x00000020	[  7] ___glProgramUniformMatrix3x4fv
0x00009560	0x00000020	[  7] ___glProgramUniformMatrix4fv
0x00009580	0x00000020	[  7] ___glProgramUniformMatrix4x2fv
0x000095A0	0x00000020	[  7] ___glProgramUniformMatrix4x3fv
0x000095C0	0x00000020	[  7] ___glPushMatrix
0x000095E0	0x00000020	[  7] ___glReadBuffer
0x00009600	0x00000020	[  7] ___glReadPixels
0x00009620	0x00000020	[  7] ___glReleaseShaderCompiler
0x00009640	0x00000020	[  7] ___glRenderbufferStorage
0x00009660	0x00000020	[  7] ___glRenderbufferStorageMultisample
0x00009680	0x00000020	[  7] ___glResumeTransformFeedback
0x000096A0	0x00000020	[  7] ___glRotatef
0x000096C0	0x00000020	[  7] ___glRotatex
0x000096E0	0x00000020	[  7] ___glSampleCoverage
0x00009700	0x00000020	[  7] ___glSampleCoveragex
0x00009720	0x00000020	[  7] ___glSampleMaski
0x00009740	0x00000020	[  7] ___glSamplerParameterf
0x00009760	0x00000020	[  7] ___glSamplerParameterfv
0x00009780	0x00000020	[  7] ___glSamplerParameteri
0x000097A0	0x00000020	[  7] ___glSamplerParameteriv
0x000097C0	0x00000020	[  7] ___glScalef
0x000097E0	0x00000020	[  7] ___glScalex
0x00009800	0x00000020	[  7] ___glScissor
0x00009820	0x00000020	[  7] ___glShadeModel
0x00009840	0x00000020	[  7] ___glShaderBinary
0x00009860	0x00000020	[  7] ___glShaderSource
0x00009880	0x00000020	[  7] ___glStencilFunc
0x000098A0	0x00000020	[  7] ___glStencilFuncSeparate
0x000098C0	0x00000020	[  7] ___glStencilMask
0x000098E0	0x00000020	[  7] ___glStencilMaskSeparate
0x00009900	0x00000020	[  7] ___glStencilOp
0x00009920	0x00000020	[  7] ___glStencilOpSeparate
0x00009940	0x00000020	[  7] ___glTexCoordPointer
0x00009960	0x00000020	[  7] ___glTexEnvf
0x00009980	0x00000020	[  7] ___glTexEnvfv
0x000099A0	0x00000020	[  7] ___glTexEnvi
0x000099C0	0x00000020	[  7] ___glTexEnviv
0x000099E0	0x00000020	[  7] ___glTexEnvx
0x00009A00	0x00000020	[  7] ___glTexEnvxv
0x00009A20	0x00000020	[  7] ___glTexImage2D
0x00009A40	0x00000020	[  7] ___glTexImage3D
0x00009A60	0x00000020	[  7] ___glTexParameterf
0x00009A80	0x00000020	[  7] ___glTexParameterfv
0x00009AA0	0x00000020	[  7] ___glTexParameteri
0x00009AC0	0x00000020	[  7] ___glTexParameteriv
0x00009AE0	0x00000020	[  7] ___glTexParameterx
0x00009B00	0x00000020	[  7] ___glTexParameterxv
0x00009B20	0x00000020	[  7] ___glTexStorage2D
0x00009B40	0x00000020	[  7] ___glTexStorage2DMultisample
0x00009B60	0x00000020	[  7] ___glTexStorage3D
0x00009B80	0x00000020	[  7] ___glTexSubImage2D
0x00009BA0	0x00000020	[  7] ___glTexSubImage3D
0x00009BC0	0x00000020	[  7] ___glTransformFeedbackVaryings
0x00009BE0	0x00000020	[  7] ___glTranslatef
0x00009C00	0x00000020	[  7] ___glTranslatex
0x00009C20	0x00000020	[  7] ___glUniform1f
0x00009C40	0x00000020	[  7] ___glUniform1fv
0x00009C60	0x00000020	[  7] ___glUniform1i
0x00009C80	0x00000020	[  7] ___glUniform1iv
0x00009CA0	0x00000020	[  7] ___glUniform1ui
0x00009CC0	0x00000020	[  7] ___glUniform1uiv
0x00009CE0	0x00000020	[  7] ___glUniform2f
0x00009D00	0x00000020	[  7] ___glUniform2fv
0x00009D20	0x00000020	[  7] ___glUniform2i
0x00009D40	0x00000020	[  7] ___glUniform2iv
0x00009D60	0x00000020	[  7] ___glUniform2ui
0x00009D80	0x00000020	[  7] ___glUniform2uiv
0x00009DA0	0x00000020	[  7] ___glUniform3f
0x00009DC0	0x00000020	[  7] ___glUniform3fv
0x00009DE0	0x00000020	[  7] ___glUniform3i
0x00009E00	0x00000020	[  7] ___glUniform3iv
0x00009E20	0x00000020	[  7] ___glUniform3ui
0x00009E40	0x00000020	[  7] ___glUniform3uiv
0x00009E60	0x00000020	[  7] ___glUniform4f
0x00009E80	0x00000020	[  7] ___glUniform4fv
0x00009EA0	0x00000020	[  7] ___glUniform4i
0x00009EC0	0x00000020	[  7] ___glUniform4iv
0x00009EE0	0x00000020	[  7] ___glUniform4ui
0x00009F00	0x00000020	[  7] ___glUniform4uiv
0x00009F20	0x00000020	[  7] ___glUniformBlockBinding
0x00009F40	0x00000020	[  7] ___glUniformMatrix2fv
0x00009F60	0x00000020	[  7] ___glUniformMatrix2x3fv
0x00009F80	0x00000020	[  7] ___glUniformMatrix2x4fv
0x00009FA0	0x00000020	[  7] ___glUniformMatrix3fv
0x00009FC0	0x00000020	[  7] ___glUniformMatrix3x2fv
0x00009FE0	0x00000020	[  7] ___glUniformMatrix3x4fv
0x0000A000	0x00000020	[  7] ___glUniformMatrix4fv
0x0000A020	0x00000020	[  7] ___glUniformMatrix4x2fv
0x0000A040	0x00000020	[  7] ___glUniformMatrix4x3fv
0x0000A060	0x00000020	[  7] ___glUnmapBuffer
0x0000A080	0x00000020	[  7] ___glUseProgram
0x0000A0A0	0x00000020	[  7] ___glUseProgramStages
0x0000A0C0	0x00000020	[  7] ___glValidateProgram
0x0000A0E0	0x00000020	[  7] ___glValidateProgramPipeline
0x0000A100	0x00000020	[  7] ___glVertexAttrib1f
0x0000A120	0x00000020	[  7] ___glVertexAttrib1fv
0x0000A140	0x00000020	[  7] ___glVertexAttrib2f
0x0000A160	0x00000020	[  7] ___glVertexAttrib2fv
0x0000A180	0x00000020	[  7] ___glVertexAttrib3f
0x0000A1A0	0x00000020	[  7] ___glVertexAttrib3fv
0x0000A1C0	0x00000020	[  7] ___glVertexAttrib4f
0x0000A1E0	0x00000020	[  7] ___glVertexAttrib4fv
0x0000A200	0x00000020	[  7] ___glVertexAttribBinding
0x0000A220	0x00000020	[  7] ___glVertexAttribDivisor
0x0000A240	0x00000020	[  7] ___glVertexAttribFormat
0x0000A260	0x00000020	[  7] ___glVertexAttribI4i
0x0000A280	0x00000020	[  7] ___glVertexAttribI4iv
0x0000A2A0	0x00000020	[  7] ___glVertexAttribI4ui
0x0000A2C0	0x00000020	[  7] ___glVertexAttribI4uiv
0x0000A2E0	0x00000020	[  7] ___glVertexAttribIFormat
0x0000A300	0x00000020	[  7] ___glVertexAttribIPointer
0x0000A320	0x00000020	[  7] ___glVertexAttribPointer
0x0000A340	0x00000020	[  7] ___glVertexBindingDivisor
0x0000A360	0x00000020	[  7] ___glVertexPointer
0x0000A380	0x00000020	[  7] ___glViewport
0x0000A3A0	0x00000020	[  7] ___glWaitSync
0x0000A3C0	0x00000020	[  7] ___glWeightPointerOES
0x0000A3E0	0x00000020	[  7] ___s3eAccelerometerGetError
0x0000A400	0x00000020	[  7] ___s3eAccelerometerGetErrorString
0x0000A420	0x00000020	[  7] ___s3eAccelerometerGetInt
0x0000A440	0x00000020	[  7] ___s3eAccelerometerGetX
0x0000A460	0x00000020	[  7] ___s3eAccelerometerGetY
0x0000A480	0x00000020	[  7] ___s3eAccelerometerGetZ
0x0000A4A0	0x00000020	[  7] ___s3eAccelerometerStart
0x0000A4C0	0x00000020	[  7] ___s3eAccelerometerStop
0x0000A4E0	0x00000020	[  7] ___s3eAudioGetError
0x0000A500	0x00000020	[  7] ___s3eAudioGetErrorString
0x0000A520	0x00000020	[  7] ___s3eAudioGetInt
0x0000A540	0x00000020	[  7] ___s3eAudioIsCodecSupported
0x0000A560	0x00000020	[  7] ___s3eAudioIsPlaying
0x0000A580	0x00000020	[  7] ___s3eAudioPause
0x0000A5A0	0x00000020	[  7] ___s3eAudioPlay
0x0000A5C0	0x00000020	[  7] ___s3eAudioPlayFromBuffer
0x0000A5E0	0x00000020	[  7] ___s3eAudioRegister
0x0000A600	0x00000020	[  7] ___s3eAudioResume
0x0000A620	0x00000020	[  7] ___s3eAudioSetInt
0x0000A640	0x00000020	[  7] ___s3eAudioStop
0x0000A660	0x00000020	[  7] ___s3eAudioUnRegister
0x0000A680	0x00000020	[  7] ___s3eCompressionDecomp
0x0000A6A0	0x00000020	[  7] ___s3eCompressionDecompFinal
0x0000A6C0	0x00000020	[  7] ___s3eCompressionDecompInit
0x0000A6E0	0x00000020	[  7] ___s3eCompressionDecompRead
0x0000A700	0x00000020	[  7] ___s3eCompressionGetError
0x0000A720	0x00000020	[  7] ___s3eCompressionGetErrorString
0x0000A740	0x00000020	[  7] ___s3eConfigGetError
0x0000A760	0x00000020	[  7] ___s3eConfigGetErrorString
0x0000A780	0x00000020	[  7] ___s3eConfigGetInt
0x0000A7A0	0x00000020	[  7] ___s3eConfigGetIntHash
0x0000A7C0	0x00000020	[  7] ___s3eConfigGetString
0x0000A7E0	0x00000020	[  7] ___s3eConfigGetStringHash
0x0000A800	0x00000020	[  7] ___s3eCryptoGetError
0x0000A820	0x00000020	[  7] ___s3eCryptoGetErrorString
0x0000A840	0x00000020	[  7] ___s3eCryptoRand
0x0000A860	0x00000020	[  7] ___s3eCryptoSha1
0x0000A880	0x00000020	[  7] ___s3eCryptoSha1Final
0x0000A8A0	0x00000020	[  7] ___s3eCryptoSha1Init
0x0000A8C0	0x00000020	[  7] ___s3eCryptoSha1Update
0x0000A8E0	0x00000020	[  7] ___s3eCryptoVerifyRsa
0x0000A900	0x00000020	[  7] ___s3eDebugAssertShow
0x0000A920	0x00000020	[  7] ___s3eDebugErrorShow
0x0000A940	0x00000020	[  7] ___s3eDebugGetError
0x0000A960	0x00000020	[  7] ___s3eDebugGetErrorString
0x0000A980	0x00000020	[  7] ___s3eDebugGetInt
0x0000A9A0	0x00000020	[  7] ___s3eDebugIsDebuggerPresent
0x0000A9C0	0x00000020	[  7] ___s3eDebugOutputString
0x0000A9E0	0x00000020	[  7] ___s3eDebugPrint
0x0000AA00	0x00000020	[  7] ___s3eDebugRegister
0x0000AA20	0x00000020	[  7] ___s3eDebugSetInt
0x0000AA40	0x00000020	[  7] ___s3eDebugTraceChannelSwitch
0x0000AA60	0x00000020	[  7] ___s3eDebugTraceClearFile
0x0000AA80	0x00000020	[  7] ___s3eDebugTraceFlush
0x0000AAA0	0x00000020	[  7] ___s3eDebugTraceLine
0x0000AAC0	0x00000020	[  7] ___s3eDebugUnRegister
0x0000AAE0	0x00000020	[  7] ___s3eDeviceAbort
0x0000AB00	0x00000020	[  7] ___s3eDeviceBacklightOn
0x0000AB20	0x00000020	[  7] ___s3eDeviceCheckPauseRequest
0x0000AB40	0x00000020	[  7] ___s3eDeviceCheckQuitRequest
0x0000AB60	0x00000020	[  7] ___s3eDeviceExecPushNext
0x0000AB80	0x00000020	[  7] ___s3eDeviceExit
0x0000ABA0	0x00000020	[  7] ___s3eDeviceGetError
0x0000ABC0	0x00000020	[  7] ___s3eDeviceGetErrorString
0x0000ABE0	0x00000020	[  7] ___s3eDeviceGetInt
0x0000AC00	0x00000020	[  7] ___s3eDeviceGetString
0x0000AC20	0x00000020	[  7] ___s3eDeviceLoaderCallDone
0x0000AC40	0x00000020	[  7] ___s3eDeviceLoaderCallStart
0x0000AC60	0x00000020	[  7] ___s3eDeviceNetworkCheckStart
0x0000AC80	0x00000020	[  7] ___s3eDeviceNetworkCheckStop
0x0000ACA0	0x00000020	[  7] ___s3eDeviceRegister
0x0000ACC0	0x00000020	[  7] ___s3eDeviceRequestQuit
0x0000ACE0	0x00000020	[  7] ___s3eDeviceSetInt
0x0000AD00	0x00000020	[  7] ___s3eDeviceUnRegister
0x0000AD20	0x00000020	[  7] ___s3eDeviceUnYield
0x0000AD40	0x00000020	[  7] ___s3eDeviceYield
0x0000AD60	0x00000020	[  7] ___s3eDeviceYieldUntilEvent
0x0000AD80	0x00000020	[  7] ___s3eExtGet
0x0000ADA0	0x00000020	[  7] ___s3eExtGetError
0x0000ADC0	0x00000020	[  7] ___s3eExtGetErrorString
0x0000ADE0	0x00000020	[  7] ___s3eExtGetHash
0x0000AE00	0x00000020	[  7] ___s3eFileAddUserFileSys
0x0000AE20	0x00000020	[  7] ___s3eFileCheckExists
0x0000AE40	0x00000020	[  7] ___s3eFileClose
0x0000AE60	0x00000020	[  7] ___s3eFileDelete
0x0000AE80	0x00000020	[  7] ___s3eFileDeleteDirectory
0x0000AEA0	0x00000020	[  7] ___s3eFileEOF
0x0000AEC0	0x00000020	[  7] ___s3eFileFlush
0x0000AEE0	0x00000020	[  7] ___s3eFileGetChar
0x0000AF00	0x00000020	[  7] ___s3eFileGetError
0x0000AF20	0x00000020	[  7] ___s3eFileGetErrorString
0x0000AF40	0x00000020	[  7] ___s3eFileGetFileInt
0x0000AF60	0x00000020	[  7] ___s3eFileGetFileString
0x0000AF80	0x00000020	[  7] ___s3eFileGetFree
0x0000AFA0	0x00000020	[  7] ___s3eFileGetInt
0x0000AFC0	0x00000020	[  7] ___s3eFileGetLastWriteTime
0x0000AFE0	0x00000020	[  7] ___s3eFileGetSize
0x0000B000	0x00000020	[  7] ___s3eFileListClose
0x0000B020	0x00000020	[  7] ___s3eFileListDirectory
0x0000B040	0x00000020	[  7] ___s3eFileListNext
0x0000B060	0x00000020	[  7] ___s3eFileMakeDirectory
0x0000B080	0x00000020	[  7] ___s3eFileOpen
0x0000B0A0	0x00000020	[  7] ___s3eFileOpenFromMemory
0x0000B0C0	0x00000020	[  7] ___s3eFilePutChar
0x0000B0E0	0x00000020	[  7] ___s3eFileRead
0x0000B100	0x00000020	[  7] ___s3eFileReadString
0x0000B120	0x00000020	[  7] ___s3eFileRemoveUserFileSys
0x0000B140	0x00000020	[  7] ___s3eFileRename
0x0000B160	0x00000020	[  7] ___s3eFileSeek
0x0000B180	0x00000020	[  7] ___s3eFileSetInt
0x0000B1A0	0x00000020	[  7] ___s3eFileTell
0x0000B1C0	0x00000020	[  7] ___s3eFileTruncate
0x0000B1E0	0x00000020	[  7] ___s3eFileWrite
0x0000B200	0x00000020	[  7] ___s3eFree
0x0000B220	0x00000020	[  7] ___s3eFreeBase
0x0000B240	0x00000020	[  7] ___s3eGLGetError
0x0000B260	0x00000020	[  7] ___s3eGLGetErrorString
0x0000B280	0x00000020	[  7] ___s3eGLGetInt
0x0000B2A0	0x00000020	[  7] ___s3eGLGetNativeWindow
0x0000B2C0	0x00000020	[  7] ___s3eGLRegister
0x0000B2E0	0x00000020	[  7] ___s3eGLUnRegister
0x0000B300	0x00000020	[  7] ___s3eGLUnavailable
0x0000B320	0x00000020	[  7] ___s3eInetAddrFree
0x0000B340	0x00000020	[  7] ___s3eInetAton
0x0000B360	0x00000020	[  7] ___s3eInetHtonl
0x0000B380	0x00000020	[  7] ___s3eInetHtons
0x0000B3A0	0x00000020	[  7] ___s3eInetLookup
0x0000B3C0	0x00000020	[  7] ___s3eInetLookupCancel
0x0000B3E0	0x00000020	[  7] ___s3eInetNtoa
0x0000B400	0x00000020	[  7] ___s3eInetNtohl
0x0000B420	0x00000020	[  7] ___s3eInetNtohs
0x0000B440	0x00000020	[  7] ___s3eInetNtop
0x0000B460	0x00000020	[  7] ___s3eInetPton
0x0000B480	0x00000020	[  7] ___s3eInetToString
0x0000B4A0	0x00000020	[  7] ___s3eKeyboardAnyKey
0x0000B4C0	0x00000020	[  7] ___s3eKeyboardClearState
0x0000B4E0	0x00000020	[  7] ___s3eKeyboardGetChar
0x0000B500	0x00000020	[  7] ___s3eKeyboardGetDisplayName
0x0000B520	0x00000020	[  7] ___s3eKeyboardGetError
0x0000B540	0x00000020	[  7] ___s3eKeyboardGetErrorString
0x0000B560	0x00000020	[  7] ___s3eKeyboardGetInt
0x0000B580	0x00000020	[  7] ___s3eKeyboardGetState
0x0000B5A0	0x00000020	[  7] ___s3eKeyboardRegister
0x0000B5C0	0x00000020	[  7] ___s3eKeyboardSetInt
0x0000B5E0	0x00000020	[  7] ___s3eKeyboardUnRegister
0x0000B600	0x00000020	[  7] ___s3eKeyboardUpdate
0x0000B620	0x00000020	[  7] ___s3eLicenseBuy
0x0000B640	0x00000020	[  7] ___s3eLicenseGetError
0x0000B660	0x00000020	[  7] ___s3eLicenseGetErrorString
0x0000B680	0x00000020	[  7] ___s3eLicenseGetInt
0x0000B6A0	0x00000020	[  7] ___s3eMalloc
0x0000B6C0	0x00000020	[  7] ___s3eMallocBase
0x0000B6E0	0x00000020	[  7] ___s3eMemoryGetError
0x0000B700	0x00000020	[  7] ___s3eMemoryGetErrorString
0x0000B720	0x00000020	[  7] ___s3eMemoryGetInt
0x0000B740	0x00000020	[  7] ___s3eMemoryGetUserMemMgr
0x0000B760	0x00000020	[  7] ___s3eMemoryHeapAddress
0x0000B780	0x00000020	[  7] ___s3eMemoryHeapCreate
0x0000B7A0	0x00000020	[  7] ___s3eMemoryHeapDestroy
0x0000B7C0	0x00000020	[  7] ___s3eMemorySetInt
0x0000B7E0	0x00000020	[  7] ___s3eMemorySetUserMemMgr
0x0000B800	0x00000020	[  7] ___s3ePointerGetError
0x0000B820	0x00000020	[  7] ___s3ePointerGetErrorString
0x0000B840	0x00000020	[  7] ___s3ePointerGetInt
0x0000B860	0x00000020	[  7] ___s3ePointerGetState
0x0000B880	0x00000020	[  7] ___s3ePointerGetTouchState
0x0000B8A0	0x00000020	[  7] ___s3ePointerGetTouchX
0x0000B8C0	0x00000020	[  7] ___s3ePointerGetTouchY
0x0000B8E0	0x00000020	[  7] ___s3ePointerGetX
0x0000B900	0x00000020	[  7] ___s3ePointerGetY
0x0000B920	0x00000020	[  7] ___s3ePointerRegister
0x0000B940	0x00000020	[  7] ___s3ePointerSetInt
0x0000B960	0x00000020	[  7] ___s3ePointerUnRegister
0x0000B980	0x00000020	[  7] ___s3ePointerUpdate
0x0000B9A0	0x00000020	[  7] ___s3eRealloc
0x0000B9C0	0x00000020	[  7] ___s3eReallocBase
0x0000B9E0	0x00000020	[  7] ___s3eSecureStorageGet
0x0000BA00	0x00000020	[  7] ___s3eSecureStorageGetError
0x0000BA20	0x00000020	[  7] ___s3eSecureStorageGetErrorString
0x0000BA40	0x00000020	[  7] ___s3eSecureStoragePut
0x0000BA60	0x00000020	[  7] ___s3eSocketAccept
0x0000BA80	0x00000020	[  7] ___s3eSocketBind
0x0000BAA0	0x00000020	[  7] ___s3eSocketClose
0x0000BAC0	0x00000020	[  7] ___s3eSocketConnect
0x0000BAE0	0x00000020	[  7] ___s3eSocketCreate
0x0000BB00	0x00000020	[  7] ___s3eSocketGetError
0x0000BB20	0x00000020	[  7] ___s3eSocketGetErrorString
0x0000BB40	0x00000020	[  7] ___s3eSocketGetInt
0x0000BB60	0x00000020	[  7] ___s3eSocketGetLocalName
0x0000BB80	0x00000020	[  7] ___s3eSocketGetPeerName
0x0000BBA0	0x00000020	[  7] ___s3eSocketGetString
0x0000BBC0	0x00000020	[  7] ___s3eSocketListen
0x0000BBE0	0x00000020	[  7] ___s3eSocketReadable
0x0000BC00	0x00000020	[  7] ___s3eSocketRecv
0x0000BC20	0x00000020	[  7] ___s3eSocketRecvFrom
0x0000BC40	0x00000020	[  7] ___s3eSocketSend
0x0000BC60	0x00000020	[  7] ___s3eSocketSendTo
0x0000BC80	0x00000020	[  7] ___s3eSocketWritable
0x0000BCA0	0x00000020	[  7] ___s3eSoundChannelGetInt
0x0000BCC0	0x00000020	[  7] ___s3eSoundChannelGetInt64
0x0000BCE0	0x00000020	[  7] ___s3eSoundChannelPause
0x0000BD00	0x00000020	[  7] ___s3eSoundChannelPlay
0x0000BD20	0x00000020	[  7] ___s3eSoundChannelRegister
0x0000BD40	0x00000020	[  7] ___s3eSoundChannelResume
0x0000BD60	0x00000020	[  7] ___s3eSoundChannelSetInt
0x0000BD80	0x00000020	[  7] ___s3eSoundChannelSetInt64
0x0000BDA0	0x00000020	[  7] ___s3eSoundChannelStop
0x0000BDC0	0x00000020	[  7] ___s3eSoundChannelUnRegister
0x0000BDE0	0x00000020	[  7] ___s3eSoundGetError
0x0000BE00	0x00000020	[  7] ___s3eSoundGetErrorString
0x0000BE20	0x00000020	[  7] ___s3eSoundGetFreeChannel
0x0000BE40	0x00000020	[  7] ___s3eSoundGetInt
0x0000BE60	0x00000020	[  7] ___s3eSoundPauseAllChannels
0x0000BE80	0x00000020	[  7] ___s3eSoundResumeAllChannels
0x0000BEA0	0x00000020	[  7] ___s3eSoundSetInt
0x0000BEC0	0x00000020	[  7] ___s3eSoundStopAllChannels
0x0000BEE0	0x00000020	[  7] ___s3eSurfaceConvertRGB
0x0000BF00	0x00000020	[  7] ___s3eSurfaceGetError
0x0000BF20	0x00000020	[  7] ___s3eSurfaceGetErrorString
0x0000BF40	0x00000020	[  7] ___s3eSurfaceGetInt
0x0000BF60	0x00000020	[  7] ___s3eSurfaceInvalidate
0x0000BF80	0x00000020	[  7] ___s3eSurfacePtr
0x0000BFA0	0x00000020	[  7] ___s3eSurfaceRegister
0x0000BFC0	0x00000020	[  7] ___s3eSurfaceSetDisplayID
0x0000BFE0	0x00000020	[  7] ___s3eSurfaceSetInt
0x0000C000	0x00000020	[  7] ___s3eSurfaceSetup
0x0000C020	0x00000020	[  7] ___s3eSurfaceShow
0x0000C040	0x00000020	[  7] ___s3eSurfaceUnRegister
0x0000C060	0x00000020	[  7] ___s3eTimerCancelTimer
0x0000C080	0x00000020	[  7] ___s3eTimerGetError
0x0000C0A0	0x00000020	[  7] ___s3eTimerGetErrorString
0x0000C0C0	0x00000020	[  7] ___s3eTimerGetInt
0x0000C0E0	0x00000020	[  7] ___s3eTimerGetLocaltimeOffset
0x0000C100	0x00000020	[  7] ___s3eTimerGetMs
0x0000C120	0x00000020	[  7] ___s3eTimerGetUST
0x0000C140	0x00000020	[  7] ___s3eTimerGetUTC
0x0000C160	0x00000020	[  7] ___s3eTimerSetTimer
0x0000C180	0x00000020	[  7] ___s3eVibraGetError
0x0000C1A0	0x00000020	[  7] ___s3eVibraGetErrorString
0x0000C1C0	0x00000020	[  7] ___s3eVibraGetInt
0x0000C1E0	0x00000020	[  7] ___s3eVibraSetInt
0x0000C200	0x00000020	[  7] ___s3eVibraStop
0x0000C220	0x00000020	[  7] ___s3eVibraVibrate
0x0000C240	0x00000020	[  7] ___s3eVideoGetError
0x0000C260	0x00000020	[  7] ___s3eVideoGetErrorString
0x0000C280	0x00000020	[  7] ___s3eVideoGetInt
0x0000C2A0	0x00000020	[  7] ___s3eVideoIsCodecSupported
0x0000C2C0	0x00000020	[  7] ___s3eVideoIsPlaying
0x0000C2E0	0x00000020	[  7] ___s3eVideoPause
0x0000C300	0x00000020	[  7] ___s3eVideoPlay
0x0000C320	0x00000020	[  7] ___s3eVideoPlayFromBuffer
0x0000C340	0x00000020	[  7] ___s3eVideoRegister
0x0000C360	0x00000020	[  7] ___s3eVideoResume
0x0000C380	0x00000020	[  7] ___s3eVideoSetInt
0x0000C3A0	0x00000020	[  7] ___s3eVideoStop
0x0000C3C0	0x00000020	[  7] ___s3eVideoUnRegister
0x0000C3E0	0x00000020	[  7] ___s3eEdkCallbacksEnqueue
0x0000C400	0x00000020	[  7] ___s3eEdkCallbacksIsRegistered
0x0000C420	0x00000020	[  7] ___s3eEdkCallbacksRegister
0x0000C440	0x00000020	[  7] ___s3eEdkCallbacksRegisterInternal
0x0000C460	0x00000020	[  7] ___s3eEdkCallbacksRegisterSpecific
0x0000C480	0x00000020	[  7] ___s3eEdkCallbacksUnRegister
0x0000C4A0	0x00000020	[  7] ___s3eEdkCallbacksUnRegisterDevice
0x0000C4C0	0x00000020	[  7] ___s3eEdkErrorGet
0x0000C4E0	0x00000020	[  7] ___s3eEdkErrorGetString
0x0000C500	0x00000020	[  7] ___s3eEdkErrorSet
0x0000C520	0x00000020	[  7] ___s3eEdkErrorSetStringV
0x0000C540	0x00000020	[  7] ___s3eEdkFreeOS
0x0000C560	0x00000020	[  7] ___s3eEdkGetAppVersionMajor
0x0000C580	0x00000020	[  7] ___s3eEdkGetAppVersionMinor
0x0000C5A0	0x00000020	[  7] ___s3eEdkGlobalsGet
0x0000C5C0	0x00000020	[  7] ___s3eEdkIsInitialised
0x0000C5E0	0x00000020	[  7] ___s3eEdkLibraryClose
0x0000C600	0x00000020	[  7] ___s3eEdkLibraryError
0x0000C620	0x00000020	[  7] ___s3eEdkLibraryGetSymbol
0x0000C640	0x00000020	[  7] ___s3eEdkLibraryOpen
0x0000C660	0x00000020	[  7] ___s3eEdkMallocOS
0x0000C680	0x00000020	[  7] ___s3eEdkReallocOS
0x0000C6A0	0x00000020	[  7] ___s3eEdkRegister
0x0000C6C0	0x00000020	[  7] ___s3eEdkSurfaceSetSize
0x0000C6E0	0x00000020	[  7] ___s3eEdkThreadRunOnOSAsyncV
0x0000C700	0x00000020	[  7] ___s3eEdkThreadRunOnOSV
0x0000C720	0x00000020	[  7] ___s3eEdkThreadSetResumed
0x0000C740	0x00000020	[  7] ___s3eEdkThreadSetSuspended
0x0000C760	0x00000018	[  7] ___s3eEdkThreadSleep
0x0000C780	0x00000020	[  7] _eglBindAPI
0x0000C7A0	0x00000020	[  7] _eglBindTexImage
0x0000C7C0	0x00000020	[  7] _eglChooseConfig
0x0000C7E0	0x00000020	[  7] _eglCopyBuffers
0x0000C800	0x00000020	[  7] _eglCreateContext
0x0000C820	0x00000020	[  7] _eglCreatePbufferFromClientBuffer
0x0000C840	0x00000020	[  7] _eglCreatePbufferSurface
0x0000C860	0x00000020	[  7] _eglCreatePixmapSurface
0x0000C880	0x00000020	[  7] _eglCreateWindowSurface
0x0000C8A0	0x00000020	[  7] _eglDestroyContext
0x0000C8C0	0x00000020	[  7] _eglDestroySurface
0x0000C8E0	0x00000020	[  7] _eglGetConfigAttrib
0x0000C900	0x00000020	[  7] _eglGetConfigs
0x0000C920	0x00000020	[  7] _eglGetCurrentContext
0x0000C940	0x00000020	[  7] _eglGetCurrentDisplay
0x0000C960	0x00000020	[  7] _eglGetCurrentSurface
0x0000C980	0x00000020	[  7] _eglGetDisplay
0x0000C9A0	0x00000020	[  7] _eglGetError
0x0000C9C0	0x00000020	[  7] _eglGetProcAddress
0x0000C9E0	0x00000020	[  7] _eglInitialize
0x0000CA00	0x00000020	[  7] _eglMakeCurrent
0x0000CA20	0x00000020	[  7] _eglQueryAPI
0x0000CA40	0x00000020	[  7] _eglQueryContext
0x0000CA60	0x00000020	[  7] _eglQueryString
0x0000CA80	0x00000020	[  7] _eglQuerySurface
0x0000CAA0	0x00000020	[  7] _eglReleaseTexImage
0x0000CAC0	0x00000020	[  7] _eglReleaseThread
0x0000CAE0	0x00000020	[  7] _eglSurfaceAttrib
0x0000CB00	0x00000020	[  7] _eglSwapBuffers
0x0000CB20	0x00000020	[  7] _eglSwapInterval
0x0000CB40	0x00000020	[  7] _eglTerminate
0x0000CB60	0x00000020	[  7] _eglWaitClient
0x0000CB80	0x00000020	[  7] _eglWaitGL
0x0000CBA0	0x00000020	[  7] _eglWaitNative
0x0000CBC0	0x00000020	[  7] _glActiveShaderProgram
0x0000CBE0	0x00000020	[  7] _glActiveTexture
0x0000CC00	0x00000020	[  7] _glAlphaFunc
0x0000CC20	0x00000020	[  7] _glAlphaFuncx
0x0000CC40	0x00000020	[  7] _glAttachShader
0x0000CC60	0x00000020	[  7] _glBeginQuery
0x0000CC80	0x00000020	[  7] _glBeginTransformFeedback
0x0000CCA0	0x00000020	[  7] _glBindAttribLocation
0x0000CCC0	0x00000020	[  7] _glBindBuffer
0x0000CCE0	0x00000020	[  7] _glBindBufferBase
0x0000CD00	0x00000020	[  7] _glBindBufferRange
0x0000CD20	0x00000020	[  7] _glBindFramebuffer
0x0000CD40	0x00000020	[  7] _glBindImageTexture
0x0000CD60	0x00000020	[  7] _glBindProgramPipeline
0x0000CD80	0x00000020	[  7] _glBindRenderbuffer
0x0000CDA0	0x00000020	[  7] _glBindSampler
0x0000CDC0	0x00000020	[  7] _glBindTexture
0x0000CDE0	0x00000020	[  7] _glBindTransformFeedback
0x0000CE00	0x00000020	[  7] _glBindVertexArray
0x0000CE20	0x00000020	[  7] _glBindVertexBuffer
0x0000CE40	0x00000020	[  7] _glBlendColor
0x0000CE60	0x00000020	[  7] _glBlendEquation
0x0000CE80	0x00000020	[  7] _glBlendEquationSeparate
0x0000CEA0	0x00000020	[  7] _glBlendFunc
0x0000CEC0	0x00000020	[  7] _glBlendFuncSeparate
0x0000CEE0	0x00000020	[  7] _glBlitFramebuffer
0x0000CF00	0x00000020	[  7] _glBufferData
0x0000CF20	0x00000020	[  7] _glBufferSubData
0x0000CF40	0x00000020	[  7] _glCheckFramebufferStatus
0x0000CF60	0x00000020	[  7] _glClear
0x0000CF80	0x00000020	[  7] _glClearBufferfi
0x0000CFA0	0x00000020	[  7] _glClearBufferfv
0x0000CFC0	0x00000020	[  7] _glClearBufferiv
0x0000CFE0	0x00000020	[  7] _glClearBufferuiv
0x0000D000	0x00000020	[  7] _glClearColor
0x0000D020	0x00000020	[  7] _glClearColorx
0x0000D040	0x00000020	[  7] _glClearDepthf
0x0000D060	0x00000020	[  7] _glClearDepthx
0x0000D080	0x00000020	[  7] _glClearStencil
0x0000D0A0	0x00000020	[  7] _glClientActiveTexture
0x0000D0C0	0x00000020	[  7] _glClientWaitSync
0x0000D0E0	0x00000020	[  7] _glClipPlanef
0x0000D100	0x00000020	[  7] _glClipPlanex
0x0000D120	0x00000020	[  7] _glColor4f
0x0000D140	0x00000020	[  7] _glColor4ub
0x0000D160	0x00000020	[  7] _glColor4x
0x0000D180	0x00000020	[  7] _glColorMask
0x0000D1A0	0x00000020	[  7] _glColorPointer
0x0000D1C0	0x00000020	[  7] _glCompileShader
0x0000D1E0	0x00000020	[  7] _glCompressedTexImage2D
0x0000D200	0x00000020	[  7] _glCompressedTexImage3D
0x0000D220	0x00000020	[  7] _glCompressedTexSubImage2D
0x0000D240	0x00000020	[  7] _glCompressedTexSubImage3D
0x0000D260	0x00000020	[  7] _glCopyBufferSubData
0x0000D280	0x00000020	[  7] _glCopyTexImage2D
0x0000D2A0	0x00000020	[  7] _glCopyTexSubImage2D
0x0000D2C0	0x00000020	[  7] _glCopyTexSubImage3D
0x0000D2E0	0x00000020	[  7] _glCreateProgram
0x0000D300	0x00000020	[  7] _glCreateShader
0x0000D320	0x00000020	[  7] _glCreateShaderProgramv
0x0000D340	0x00000020	[  7] _glCullFace
0x0000D360	0x00000020	[  7] _glCurrentPaletteMatrixOES
0x0000D380	0x00000020	[  7] _glDeleteBuffers
0x0000D3A0	0x00000020	[  7] _glDeleteFramebuffers
0x0000D3C0	0x00000020	[  7] _glDeleteProgram
0x0000D3E0	0x00000020	[  7] _glDeleteProgramPipelines
0x0000D400	0x00000020	[  7] _glDeleteQueries
0x0000D420	0x00000020	[  7] _glDeleteRenderbuffers
0x0000D440	0x00000020	[  7] _glDeleteSamplers
0x0000D460	0x00000020	[  7] _glDeleteShader
0x0000D480	0x00000020	[  7] _glDeleteSync
0x0000D4A0	0x00000020	[  7] _glDeleteTextures
0x0000D4C0	0x00000020	[  7] _glDeleteTransformFeedbacks
0x0000D4E0	0x00000020	[  7] _glDeleteVertexArrays
0x0000D500	0x00000020	[  7] _glDepthFunc
0x0000D520	0x00000020	[  7] _glDepthMask
0x0000D540	0x00000020	[  7] _glDepthRangef
0x0000D560	0x00000020	[  7] _glDepthRangex
0x0000D580	0x00000020	[  7] _glDetachShader
0x0000D5A0	0x00000020	[  7] _glDisable
0x0000D5C0	0x00000020	[  7] _glDisableClientState
0x0000D5E0	0x00000020	[  7] _glDisableVertexAttribArray
0x0000D600	0x00000020	[  7] _glDispatchCompute
0x0000D620	0x00000020	[  7] _glDispatchComputeIndirect
0x0000D640	0x00000020	[  7] _glDrawArrays
0x0000D660	0x00000020	[  7] _glDrawArraysIndirect
0x0000D680	0x00000020	[  7] _glDrawArraysInstanced
0x0000D6A0	0x00000020	[  7] _glDrawBuffers
0x0000D6C0	0x00000020	[  7] _glDrawElements
0x0000D6E0	0x00000020	[  7] _glDrawElementsIndirect
0x0000D700	0x00000020	[  7] _glDrawElementsInstanced
0x0000D720	0x00000020	[  7] _glDrawRangeElements
0x0000D740	0x00000020	[  7] _glEnable
0x0000D760	0x00000020	[  7] _glEnableClientState
0x0000D780	0x00000020	[  7] _glEnableVertexAttribArray
0x0000D7A0	0x00000020	[  7] _glEndQuery
0x0000D7C0	0x00000020	[  7] _glEndTransformFeedback
0x0000D7E0	0x00000020	[  7] _glFenceSync
0x0000D800	0x00000020	[  7] _glFinish
0x0000D820	0x00000020	[  7] _glFlush
0x0000D840	0x00000020	[  7] _glFlushMappedBufferRange
0x0000D860	0x00000020	[  7] _glFogf
0x0000D880	0x00000020	[  7] _glFogfv
0x0000D8A0	0x00000020	[  7] _glFogx
0x0000D8C0	0x00000020	[  7] _glFogxv
0x0000D8E0	0x00000020	[  7] _glFramebufferParameteri
0x0000D900	0x00000020	[  7] _glFramebufferRenderbuffer
0x0000D920	0x00000020	[  7] _glFramebufferTexture2D
0x0000D940	0x00000020	[  7] _glFramebufferTextureLayer
0x0000D960	0x00000020	[  7] _glFrontFace
0x0000D980	0x00000020	[  7] _glFrustumf
0x0000D9A0	0x00000020	[  7] _glFrustumx
0x0000D9C0	0x00000020	[  7] _glGenBuffers
0x0000D9E0	0x00000020	[  7] _glGenFramebuffers
0x0000DA00	0x00000020	[  7] _glGenProgramPipelines
0x0000DA20	0x00000020	[  7] _glGenQueries
0x0000DA40	0x00000020	[  7] _glGenRenderbuffers
0x0000DA60	0x00000020	[  7] _glGenSamplers
0x0000DA80	0x00000020	[  7] _glGenTextures
0x0000DAA0	0x00000020	[  7] _glGenTransformFeedbacks
0x0000DAC0	0x00000020	[  7] _glGenVertexArrays
0x0000DAE0	0x00000020	[  7] _glGenerateMipmap
0x0000DB00	0x00000020	[  7] _glGetActiveAttrib
0x0000DB20	0x00000020	[  7] _glGetActiveUniform
0x0000DB40	0x00000020	[  7] _glGetActiveUniformBlockName
0x0000DB60	0x00000020	[  7] _glGetActiveUniformBlockiv
0x0000DB80	0x00000020	[  7] _glGetActiveUniformsiv
0x0000DBA0	0x00000020	[  7] _glGetAttachedShaders
0x0000DBC0	0x00000020	[  7] _glGetAttribLocation
0x0000DBE0	0x00000020	[  7] _glGetBooleani_v
0x0000DC00	0x00000020	[  7] _glGetBooleanv
0x0000DC20	0x00000020	[  7] _glGetBufferParameteri64v
0x0000DC40	0x00000020	[  7] _glGetBufferParameteriv
0x0000DC60	0x00000020	[  7] _glGetBufferPointerv
0x0000DC80	0x00000020	[  7] _glGetClipPlanef
0x0000DCA0	0x00000020	[  7] _glGetClipPlanex
0x0000DCC0	0x00000020	[  7] _glGetError
0x0000DCE0	0x00000020	[  7] _glGetFixedv
0x0000DD00	0x00000020	[  7] _glGetFloatv
0x0000DD20	0x00000020	[  7] _glGetFragDataLocation
0x0000DD40	0x00000020	[  7] _glGetFramebufferAttachmentParameteriv
0x0000DD60	0x00000020	[  7] _glGetFramebufferParameteriv
0x0000DD80	0x00000020	[  7] _glGetInteger64i_v
0x0000DDA0	0x00000020	[  7] _glGetInteger64v
0x0000DDC0	0x00000020	[  7] _glGetIntegeri_v
0x0000DDE0	0x00000020	[  7] _glGetIntegerv
0x0000DE00	0x00000020	[  7] _glGetInternalformativ
0x0000DE20	0x00000020	[  7] _glGetLightfv
0x0000DE40	0x00000020	[  7] _glGetLightxv
0x0000DE60	0x00000020	[  7] _glGetMaterialfv
0x0000DE80	0x00000020	[  7] _glGetMaterialxv
0x0000DEA0	0x00000020	[  7] _glGetMultisamplefv
0x0000DEC0	0x00000020	[  7] _glGetPointerv
0x0000DEE0	0x00000020	[  7] _glGetProgramBinary
0x0000DF00	0x00000020	[  7] _glGetProgramInfoLog
0x0000DF20	0x00000020	[  7] _glGetProgramInterfaceiv
0x0000DF40	0x00000020	[  7] _glGetProgramPipelineInfoLog
0x0000DF60	0x00000020	[  7] _glGetProgramPipelineiv
0x0000DF80	0x00000020	[  7] _glGetProgramResourceIndex
0x0000DFA0	0x00000020	[  7] _glGetProgramResourceLocation
0x0000DFC0	0x00000020	[  7] _glGetProgramResourceName
0x0000DFE0	0x00000020	[  7] _glGetProgramResourceiv
0x0000E000	0x00000020	[  7] _glGetProgramiv
0x0000E020	0x00000020	[  7] _glGetQueryObjectuiv
0x0000E040	0x00000020	[  7] _glGetQueryiv
0x0000E060	0x00000020	[  7] _glGetRenderbufferParameteriv
0x0000E080	0x00000020	[  7] _glGetSamplerParameterfv
0x0000E0A0	0x00000020	[  7] _glGetSamplerParameteriv
0x0000E0C0	0x00000020	[  7] _glGetShaderInfoLog
0x0000E0E0	0x00000020	[  7] _glGetShaderPrecisionFormat
0x0000E100	0x00000020	[  7] _glGetShaderSource
0x0000E120	0x00000020	[  7] _glGetShaderiv
0x0000E140	0x00000020	[  7] _glGetString
0x0000E160	0x00000020	[  7] _glGetStringi
0x0000E180	0x00000020	[  7] _glGetSynciv
0x0000E1A0	0x00000020	[  7] _glGetTexEnvfv
0x0000E1C0	0x00000020	[  7] _glGetTexEnviv
0x0000E1E0	0x00000020	[  7] _glGetTexEnvxv
0x0000E200	0x00000020	[  7] _glGetTexLevelParameterfv
0x0000E220	0x00000020	[  7] _glGetTexLevelParameteriv
0x0000E240	0x00000020	[  7] _glGetTexParameterfv
0x0000E260	0x00000020	[  7] _glGetTexParameteriv
0x0000E280	0x00000020	[  7] _glGetTexParameterxv
0x0000E2A0	0x00000020	[  7] _glGetTransformFeedbackVarying
0x0000E2C0	0x00000020	[  7] _glGetUniformBlockIndex
0x0000E2E0	0x00000020	[  7] _glGetUniformIndices
0x0000E300	0x00000020	[  7] _glGetUniformLocation
0x0000E320	0x00000020	[  7] _glGetUniformfv
0x0000E340	0x00000020	[  7] _glGetUniformiv
0x0000E360	0x00000020	[  7] _glGetUniformuiv
0x0000E380	0x00000020	[  7] _glGetVertexAttribIiv
0x0000E3A0	0x00000020	[  7] _glGetVertexAttribIuiv
0x0000E3C0	0x00000020	[  7] _glGetVertexAttribPointerv
0x0000E3E0	0x00000020	[  7] _glGetVertexAttribfv
0x0000E400	0x00000020	[  7] _glGetVertexAttribiv
0x0000E420	0x00000020	[  7] _glHint
0x0000E440	0x00000020	[  7] _glInvalidateFramebuffer
0x0000E460	0x00000020	[  7] _glInvalidateSubFramebuffer
0x0000E480	0x00000020	[  7] _glIsBuffer
0x0000E4A0	0x00000020	[  7] _glIsEnabled
0x0000E4C0	0x00000020	[  7] _glIsFramebuffer
0x0000E4E0	0x00000020	[  7] _glIsProgram
0x0000E500	0x00000020	[  7] _glIsProgramPipeline
0x0000E520	0x00000020	[  7] _glIsQuery
0x0000E540	0x00000020	[  7] _glIsRenderbuffer
0x0000E560	0x00000020	[  7] _glIsSampler
0x0000E580	0x00000020	[  7] _glIsShader
0x0000E5A0	0x00000020	[  7] _glIsSync
0x0000E5C0	0x00000020	[  7] _glIsTexture
0x0000E5E0	0x00000020	[  7] _glIsTransformFeedback
0x0000E600	0x00000020	[  7] _glIsVertexArray
0x0000E620	0x00000020	[  7] _glLightModelf
0x0000E640	0x00000020	[  7] _glLightModelfv
0x0000E660	0x00000020	[  7] _glLightModelx
0x0000E680	0x00000020	[  7] _glLightModelxv
0x0000E6A0	0x00000020	[  7] _glLightf
0x0000E6C0	0x00000020	[  7] _glLightfv
0x0000E6E0	0x00000020	[  7] _glLightx
0x0000E700	0x00000020	[  7] _glLightxv
0x0000E720	0x00000020	[  7] _glLineWidth
0x0000E740	0x00000020	[  7] _glLineWidthx
0x0000E760	0x00000020	[  7] _glLinkProgram
0x0000E780	0x00000020	[  7] _glLoadIdentity
0x0000E7A0	0x00000020	[  7] _glLoadMatrixf
0x0000E7C0	0x00000020	[  7] _glLoadMatrixx
0x0000E7E0	0x00000020	[  7] _glLogicOp
0x0000E800	0x00000020	[  7] _glMapBufferRange
0x0000E820	0x00000020	[  7] _glMaterialf
0x0000E840	0x00000020	[  7] _glMaterialfv
0x0000E860	0x00000020	[  7] _glMaterialx
0x0000E880	0x00000020	[  7] _glMaterialxv
0x0000E8A0	0x00000020	[  7] _glMatrixIndexPointerOES
0x0000E8C0	0x00000020	[  7] _glMatrixMode
0x0000E8E0	0x00000020	[  7] _glMemoryBarrier
0x0000E900	0x00000020	[  7] _glMemoryBarrierByRegion
0x0000E920	0x00000020	[  7] _glMultMatrixf
0x0000E940	0x00000020	[  7] _glMultMatrixx
0x0000E960	0x00000020	[  7] _glMultiTexCoord4f
0x0000E980	0x00000020	[  7] _glMultiTexCoord4x
0x0000E9A0	0x00000020	[  7] _glNormal3f
0x0000E9C0	0x00000020	[  7] _glNormal3x
0x0000E9E0	0x00000020	[  7] _glNormalPointer
0x0000EA00	0x00000020	[  7] _glOrthof
0x0000EA20	0x00000020	[  7] _glOrthox
0x0000EA40	0x00000020	[  7] _glPauseTransformFeedback
0x0000EA60	0x00000020	[  7] _glPixelStorei
0x0000EA80	0x00000020	[  7] _glPointParameterf
0x0000EAA0	0x00000020	[  7] _glPointParameterfv
0x0000EAC0	0x00000020	[  7] _glPointParameterx
0x0000EAE0	0x00000020	[  7] _glPointParameterxv
0x0000EB00	0x00000020	[  7] _glPointSize
0x0000EB20	0x00000020	[  7] _glPointSizePointerOES
0x0000EB40	0x00000020	[  7] _glPointSizex
0x0000EB60	0x00000020	[  7] _glPolygonOffset
0x0000EB80	0x00000020	[  7] _glPolygonOffsetx
0x0000EBA0	0x00000020	[  7] _glPopMatrix
0x0000EBC0	0x00000020	[  7] _glProgramBinary
0x0000EBE0	0x00000020	[  7] _glProgramParameteri
0x0000EC00	0x00000020	[  7] _glProgramUniform1f
0x0000EC20	0x00000020	[  7] _glProgramUniform1fv
0x0000EC40	0x00000020	[  7] _glProgramUniform1i
0x0000EC60	0x00000020	[  7] _glProgramUniform1iv
0x0000EC80	0x00000020	[  7] _glProgramUniform1ui
0x0000ECA0	0x00000020	[  7] _glProgramUniform1uiv
0x0000ECC0	0x00000020	[  7] _glProgramUniform2f
0x0000ECE0	0x00000020	[  7] _glProgramUniform2fv
0x0000ED00	0x00000020	[  7] _glProgramUniform2i
0x0000ED20	0x00000020	[  7] _glProgramUniform2iv
0x0000ED40	0x00000020	[  7] _glProgramUniform2ui
0x0000ED60	0x00000020	[  7] _glProgramUniform2uiv
0x0000ED80	0x00000020	[  7] _glProgramUniform3f
0x0000EDA0	0x00000020	[  7] _glProgramUniform3fv
0x0000EDC0	0x00000020	[  7] _glProgramUniform3i
0x0000EDE0	0x00000020	[  7] _glProgramUniform3iv
0x0000EE00	0x00000020	[  7] _glProgramUniform3ui
0x0000EE20	0x00000020	[  7] _glProgramUniform3uiv
0x0000EE40	0x00000020	[  7] _glProgramUniform4f
0x0000EE60	0x00000020	[  7] _glProgramUniform4fv
0x0000EE80	0x00000020	[  7] _glProgramUniform4i
0x0000EEA0	0x00000020	[  7] _glProgramUniform4iv
0x0000EEC0	0x00000020	[  7] _glProgramUniform4ui
0x0000EEE0	0x00000020	[  7] _glProgramUniform4uiv
0x0000EF00	0x00000020	[  7] _glProgramUniformMatrix2fv
0x0000EF20	0x00000020	[  7] _glProgramUniformMatrix2x3fv
0x0000EF40	0x00000020	[  7] _glProgramUniformMatrix2x4fv
0x0000EF60	0x00000020	[  7] _glProgramUniformMatrix3fv
0x0000EF80	0x00000020	[  7] _glProgramUniformMatrix3x2fv
0x0000EFA0	0x00000020	[  7] _glProgramUniformMatrix3x4fv
0x0000EFC0	0x00000020	[  7] _glProgramUniformMatrix4fv
0x0000EFE0	0x00000020	[  7] _glProgramUniformMatrix4x2fv
0x0000F000	0x00000020	[  7] _glProgramUniformMatrix4x3fv
0x0000F020	0x00000020	[  7] _glPushMatrix
0x0000F040	0x00000020	[  7] _glReadBuffer
0x0000F060	0x00000020	[  7] _glReadPixels
0x0000F080	0x00000020	[  7] _glReleaseShaderCompiler
0x0000F0A0	0x00000020	[  7] _glRenderbufferStorage
0x0000F0C0	0x00000020	[  7] _glRenderbufferStorageMultisample
0x0000F0E0	0x00000020	[  7] _glResumeTransformFeedback
0x0000F100	0x00000020	[  7] _glRotatef
0x0000F120	0x00000020	[  7] _glRotatex
0x0000F140	0x00000020	[  7] _glSampleCoverage
0x0000F160	0x00000020	[  7] _glSampleCoveragex
0x0000F180	0x00000020	[  7] _glSampleMaski
0x0000F1A0	0x00000020	[  7] _glSamplerParameterf
0x0000F1C0	0x00000020	[  7] _glSamplerParameterfv
0x0000F1E0	0x00000020	[  7] _glSamplerParameteri
0x0000F200	0x00000020	[  7] _glSamplerParameteriv
0x0000F220	0x00000020	[  7] _glScalef
0x0000F240	0x00000020	[  7] _glScalex
0x0000F260	0x00000020	[  7] _glScissor
0x0000F280	0x00000020	[  7] _glShadeModel
0x0000F2A0	0x00000020	[  7] _glShaderBinary
0x0000F2C0	0x00000020	[  7] _glShaderSource
0x0000F2E0	0x00000020	[  7] _glStencilFunc
0x0000F300	0x00000020	[  7] _glStencilFuncSeparate
0x0000F320	0x00000020	[  7] _glStencilMask
0x0000F340	0x00000020	[  7] _glStencilMaskSeparate
0x0000F360	0x00000020	[  7] _glStencilOp
0x0000F380	0x00000020	[  7] _glStencilOpSeparate
0x0000F3A0	0x00000020	[  7] _glTexCoordPointer
0x0000F3C0	0x00000020	[  7] _glTexEnvf
0x0000F3E0	0x00000020	[  7] _glTexEnvfv
0x0000F400	0x00000020	[  7] _glTexEnvi
0x0000F420	0x00000020	[  7] _glTexEnviv
0x0000F440	0x00000020	[  7] _glTexEnvx
0x0000F460	0x00000020	[  7] _glTexEnvxv
0x0000F480	0x00000020	[  7] _glTexImage2D
0x0000F4A0	0x00000020	[  7] _glTexImage3D
0x0000F4C0	0x00000020	[  7] _glTexParameterf
0x0000F4E0	0x00000020	[  7] _glTexParameterfv
0x0000F500	0x00000020	[  7] _glTexParameteri
0x0000F520	0x00000020	[  7] _glTexParameteriv
0x0000F540	0x00000020	[  7] _glTexParameterx
0x0000F560	0x00000020	[  7] _glTexParameterxv
0x0000F580	0x00000020	[  7] _glTexStorage2D
0x0000F5A0	0x00000020	[  7] _glTexStorage2DMultisample
0x0000F5C0	0x00000020	[  7] _glTexStorage3D
0x0000F5E0	0x00000020	[  7] _glTexSubImage2D
0x0000F600	0x00000020	[  7] _glTexSubImage3D
0x0000F620	0x00000020	[  7] _glTransformFeedbackVaryings
0x0000F640	0x00000020	[  7] _glTranslatef
0x0000F660	0x00000020	[  7] _glTranslatex
0x0000F680	0x00000020	[  7] _glUniform1f
0x0000F6A0	0x00000020	[  7] _glUniform1fv
0x0000F6C0	0x00000020	[  7] _glUniform1i
0x0000F6E0	0x00000020	[  7] _glUniform1iv
0x0000F700	0x00000020	[  7] _glUniform1ui
0x0000F720	0x00000020	[  7] _glUniform1uiv
0x0000F740	0x00000020	[  7] _glUniform2f
0x0000F760	0x00000020	[  7] _glUniform2fv
0x0000F780	0x00000020	[  7] _glUniform2i
0x0000F7A0	0x00000020	[  7] _glUniform2iv
0x0000F7C0	0x00000020	[  7] _glUniform2ui
0x0000F7E0	0x00000020	[  7] _glUniform2uiv
0x0000F800	0x00000020	[  7] _glUniform3f
0x0000F820	0x00000020	[  7] _glUniform3fv
0x0000F840	0x00000020	[  7] _glUniform3i
0x0000F860	0x00000020	[  7] _glUniform3iv
0x0000F880	0x00000020	[  7] _glUniform3ui
0x0000F8A0	0x00000020	[  7] _glUniform3uiv
0x0000F8C0	0x00000020	[  7] _glUniform4f
0x0000F8E0	0x00000020	[  7] _glUniform4fv
0x0000F900	0x00000020	[  7] _glUniform4i
0x0000F920	0x00000020	[  7] _glUniform4iv
0x0000F940	0x00000020	[  7] _glUniform4ui
0x0000F960	0x00000020	[  7] _glUniform4uiv
0x0000F980	0x00000020	[  7] _glUniformBlockBinding
0x0000F9A0	0x00000020	[  7] _glUniformMatrix2fv
0x0000F9C0	0x00000020	[  7] _glUniformMatrix2x3fv
0x0000F9E0	0x00000020	[  7] _glUniformMatrix2x4fv
0x0000FA00	0x00000020	[  7] _glUniformMatrix3fv
0x0000FA20	0x00000020	[  7] _glUniformMatrix3x2fv
0x0000FA40	0x00000020	[  7] _glUniformMatrix3x4fv
0x0000FA60	0x00000020	[  7] _glUniformMatrix4fv
0x0000FA80	0x00000020	[  7] _glUniformMatrix4x2fv
0x0000FAA0	0x00000020	[  7] _glUniformMatrix4x3fv
0x0000FAC0	0x00000020	[  7] _glUnmapBuffer
0x0000FAE0	0x00000020	[  7] _glUseProgram
0x0000FB00	0x00000020	[  7] _glUseProgramStages
0x0000FB20	0x00000020	[  7] _glValidateProgram
0x0000FB40	0x00000020	[  7] _glValidateProgramPipeline
0x0000FB60	0x00000020	[  7] _glVertexAttrib1f
0x0000FB80	0x00000020	[  7] _glVertexAttrib1fv
0x0000FBA0	0x00000020	[  7] _glVertexAttrib2f
0x0000FBC0	0x00000020	[  7] _glVertexAttrib2fv
0x0000FBE0	0x00000020	[  7] _glVertexAttrib3f
0x0000FC00	0x00000020	[  7] _glVertexAttrib3fv
0x0000FC20	0x00000020	[  7] _glVertexAttrib4f
0x0000FC40	0x00000020	[  7] _glVertexAttrib4fv
0x0000FC60	0x00000020	[  7] _glVertexAttribBinding
0x0000FC80	0x00000020	[  7] _glVertexAttribDivisor
0x0000FCA0	0x00000020	[  7] _glVertexAttribFormat
0x0000FCC0	0x00000020	[  7] _glVertexAttribI4i
0x0000FCE0	0x00000020	[  7] _glVertexAttribI4iv
0x0000FD00	0x00000020	[  7] _glVertexAttribI4ui
0x0000FD20	0x00000020	[  7] _glVertexAttribI4uiv
0x0000FD40	0x00000020	[  7] _glVertexAttribIFormat
0x0000FD60	0x00000020	[  7] _glVertexAttribIPointer
0x0000FD80	0x00000020	[  7] _glVertexAttribPointer
0x0000FDA0	0x00000020	[  7] _glVertexBindingDivisor
0x0000FDC0	0x00000020	[  7] _glVertexPointer
0x0000FDE0	0x00000020	[  7] _glViewport
0x0000FE00	0x00000020	[  7] _glWaitSync
0x0000FE20	0x00000020	[  7] _glWeightPointerOES
0x0000FE40	0x00000020	[  7] _s3eAccelerometerGetError
0x0000FE60	0x00000020	[  7] _s3eAccelerometerGetErrorString
0x0000FE80	0x00000020	[  7] _s3eAccelerometerGetInt
0x0000FEA0	0x00000020	[  7] _s3eAccelerometerGetX
0x0000FEC0	0x00000020	[  7] _s3eAccelerometerGetY
0x0000FEE0	0x00000020	[  7] _s3eAccelerometerGetZ
0x0000FF00	0x00000020	[  7] _s3eAccelerometerStart
0x0000FF20	0x00000020	[  7] _s3eAccelerometerStop
0x0000FF40	0x00000020	[  7] _s3eAudioGetError
0x0000FF60	0x00000020	[  7] _s3eAudioGetErrorString
0x0000FF80	0x00000020	[  7] _s3eAudioGetInt
0x0000FFA0	0x00000020	[  7] _s3eAudioIsCodecSupported
0x0000FFC0	0x00000020	[  7] _s3eAudioIsPlaying
0x0000FFE0	0x00000020	[  7] _s3eAudioPause
0x00010000	0x00000020	[  7] _s3eAudioPlay
0x00010020	0x00000020	[  7] _s3eAudioPlayFromBuffer
0x00010040	0x00000020	[  7] _s3eAudioRegister
0x00010060	0x00000020	[  7] _s3eAudioResume
0x00010080	0x00000020	[  7] _s3eAudioSetInt
0x000100A0	0x00000020	[  7] _s3eAudioStop
0x000100C0	0x00000020	[  7] _s3eAudioUnRegister
0x000100E0	0x00000020	[  7] _s3eCompressionDecomp
0x00010100	0x00000020	[  7] _s3eCompressionDecompFinal
0x00010120	0x00000020	[  7] _s3eCompressionDecompInit
0x00010140	0x00000020	[  7] _s3eCompressionDecompRead
0x00010160	0x00000020	[  7] _s3eCompressionGetError
0x00010180	0x00000020	[  7] _s3eCompressionGetErrorString
0x000101A0	0x00000020	[  7] _s3eConfigGetError
0x000101C0	0x00000020	[  7] _s3eConfigGetErrorString
0x000101E0	0x00000020	[  7] _s3eConfigGetInt
0x00010200	0x00000020	[  7] _s3eConfigGetIntHash
0x00010220	0x00000020	[  7] _s3eConfigGetString
0x00010240	0x00000020	[  7] _s3eConfigGetStringHash
0x00010260	0x00000020	[  7] _s3eCryptoGetError
0x00010280	0x00000020	[  7] _s3eCryptoGetErrorString
0x000102A0	0x00000020	[  7] _s3eCryptoRand
0x000102C0	0x00000020	[  7] _s3eCryptoSha1
0x000102E0	0x00000020	[  7] _s3eCryptoSha1Final
0x00010300	0x00000020	[  7] _s3eCryptoSha1Init
0x00010320	0x00000020	[  7] _s3eCryptoSha1Update
0x00010340	0x00000020	[  7] _s3eCryptoVerifyRsa
0x00010360	0x00000020	[  7] _s3eDebugAssertShow
0x00010380	0x00000020	[  7] _s3eDebugErrorShow
0x000103A0	0x00000020	[  7] _s3eDebugGetError
0x000103C0	0x00000020	[  7] _s3eDebugGetErrorString
0x000103E0	0x00000020	[  7] _s3eDebugGetInt
0x00010400	0x00000020	[  7] _s3eDebugIsDebuggerPresent
0x00010420	0x00000020	[  7] _s3eDebugOutputString
0x00010440	0x00000020	[  7] _s3eDebugPrint
0x00010460	0x00000020	[  7] _s3eDebugRegister
0x00010480	0x00000020	[  7] _s3eDebugSetInt
0x000104A0	0x00000020	[  7] _s3eDebugTraceChannelSwitch
0x000104C0	0x00000020	[  7] _s3eDebugTraceClearFile
0x000104E0	0x00000020	[  7] _s3eDebugTraceFlush
0x00010500	0x00000020	[  7] _s3eDebugTraceLine
0x00010520	0x00000020	[  7] _s3eDebugUnRegister
0x00010540	0x00000020	[  7] _s3eDeviceAbort
0x00010560	0x00000020	[  7] _s3eDeviceBacklightOn
0x00010580	0x00000020	[  7] _s3eDeviceCheckPauseRequest
0x000105A0	0x00000020	[  7] _s3eDeviceCheckQuitRequest
0x000105C0	0x00000020	[  7] _s3eDeviceExecPushNext
0x000105E0	0x00000020	[  7] _s3eDeviceExit
0x00010600	0x00000020	[  7] _s3eDeviceGetError
0x00010620	0x00000020	[  7] _s3eDeviceGetErrorString
0x00010640	0x00000020	[  7] _s3eDeviceGetInt
0x00010660	0x00000020	[  7] _s3eDeviceGetString
0x00010680	0x00000020	[  7] _s3eDeviceLoaderCallDone
0x000106A0	0x00000020	[  7] _s3eDeviceLoaderCallStart
0x000106C0	0x00000020	[  7] _s3eDeviceNetworkCheckStart
0x000106E0	0x00000020	[  7] _s3eDeviceNetworkCheckStop
0x00010700	0x00000020	[  7] _s3eDeviceRegister
0x00010720	0x00000020	[  7] _s3eDeviceRequestQuit
0x00010740	0x00000020	[  7] _s3eDeviceSetInt
0x00010760	0x00000020	[  7] _s3eDeviceUnRegister
0x00010780	0x00000020	[  7] _s3eDeviceUnYield
0x000107A0	0x00000020	[  7] _s3eDeviceYield
0x000107C0	0x00000020	[  7] _s3eDeviceYieldUntilEvent
0x000107E0	0x00000020	[  7] _s3eExtGet
0x00010800	0x00000020	[  7] _s3eExtGetError
0x00010820	0x00000020	[  7] _s3eExtGetErrorString
0x00010840	0x00000020	[  7] _s3eExtGetHash
0x00010860	0x00000020	[  7] _s3eFileAddUserFileSys
0x00010880	0x00000020	[  7] _s3eFileCheckExists
0x000108A0	0x00000020	[  7] _s3eFileClose
0x000108C0	0x00000020	[  7] _s3eFileDelete
0x000108E0	0x00000020	[  7] _s3eFileDeleteDirectory
0x00010900	0x00000020	[  7] _s3eFileEOF
0x00010920	0x00000020	[  7] _s3eFileFlush
0x00010940	0x00000020	[  7] _s3eFileGetChar
0x00010960	0x00000020	[  7] _s3eFileGetError
0x00010980	0x00000020	[  7] _s3eFileGetErrorString
0x000109A0	0x00000020	[  7] _s3eFileGetFileInt
0x000109C0	0x00000020	[  7] _s3eFileGetFileString
0x000109E0	0x00000020	[  7] _s3eFileGetFree
0x00010A00	0x00000020	[  7] _s3eFileGetInt
0x00010A20	0x00000020	[  7] _s3eFileGetLastWriteTime
0x00010A40	0x00000020	[  7] _s3eFileGetSize
0x00010A60	0x00000020	[  7] _s3eFileListClose
0x00010A80	0x00000020	[  7] _s3eFileListDirectory
0x00010AA0	0x00000020	[  7] _s3eFileListNext
0x00010AC0	0x00000020	[  7] _s3eFileMakeDirectory
0x00010AE0	0x00000020	[  7] _s3eFileOpen
0x00010B00	0x00000020	[  7] _s3eFileOpenFromMemory
0x00010B20	0x00000020	[  7] _s3eFilePutChar
0x00010B40	0x00000020	[  7] _s3eFileRead
0x00010B60	0x00000020	[  7] _s3eFileReadString
0x00010B80	0x00000020	[  7] _s3eFileRemoveUserFileSys
0x00010BA0	0x00000020	[  7] _s3eFileRename
0x00010BC0	0x00000020	[  7] _s3eFileSeek
0x00010BE0	0x00000020	[  7] _s3eFileSetInt
0x00010C00	0x00000020	[  7] _s3eFileTell
0x00010C20	0x00000020	[  7] _s3eFileTruncate
0x00010C40	0x00000020	[  7] _s3eFileWrite
0x00010C60	0x00000020	[  7] _s3eFree
0x00010C80	0x00000020	[  7] _s3eFreeBase
0x00010CA0	0x00000020	[  7] _s3eGLGetError
0x00010CC0	0x00000020	[  7] _s3eGLGetErrorString
0x00010CE0	0x00000020	[  7] _s3eGLGetInt
0x00010D00	0x00000020	[  7] _s3eGLGetNativeWindow
0x00010D20	0x00000020	[  7] _s3eGLRegister
0x00010D40	0x00000020	[  7] _s3eGLUnRegister
0x00010D60	0x00000020	[  7] _s3eGLUnavailable
0x00010D80	0x00000020	[  7] _s3eInetAddrFree
0x00010DA0	0x00000020	[  7] _s3eInetAton
0x00010DC0	0x00000020	[  7] _s3eInetHtonl
0x00010DE0	0x00000020	[  7] _s3eInetHtons
0x00010E00	0x00000020	[  7] _s3eInetLookup
0x00010E20	0x00000020	[  7] _s3eInetLookupCancel
0x00010E40	0x00000020	[  7] _s3eInetNtoa
0x00010E60	0x00000020	[  7] _s3eInetNtohl
0x00010E80	0x00000020	[  7] _s3eInetNtohs
0x00010EA0	0x00000020	[  7] _s3eInetNtop
0x00010EC0	0x00000020	[  7] _s3eInetPton
0x00010EE0	0x00000020	[  7] _s3eInetToString
0x00010F00	0x00000020	[  7] _s3eKeyboardAnyKey
0x00010F20	0x00000020	[  7] _s3eKeyboardClearState
0x00010F40	0x00000020	[  7] _s3eKeyboardGetChar
0x00010F60	0x00000020	[  7] _s3eKeyboardGetDisplayName
0x00010F80	0x00000020	[  7] _s3eKeyboardGetError
0x00010FA0	0x00000020	[  7] _s3eKeyboardGetErrorString
0x00010FC0	0x00000020	[  7] _s3eKeyboardGetInt
0x00010FE0	0x00000020	[  7] _s3eKeyboardGetState
0x00011000	0x00000020	[  7] _s3eKeyboardRegister
0x00011020	0x00000020	[  7] _s3eKeyboardSetInt
0x00011040	0x00000020	[  7] _s3eKeyboardUnRegister
0x00011060	0x00000020	[  7] _s3eKeyboardUpdate
0x00011080	0x00000020	[  7] _s3eLicenseBuy
0x000110A0	0x00000020	[  7] _s3eLicenseGetError
0x000110C0	0x00000020	[  7] _s3eLicenseGetErrorString
0x000110E0	0x00000020	[  7] _s3eLicenseGetInt
0x00011100	0x00000020	[  7] _s3eMalloc
0x00011120	0x00000020	[  7] _s3eMallocBase
0x00011140	0x00000020	[  7] _s3eMemoryGetError
0x00011160	0x00000020	[  7] _s3eMemoryGetErrorString
0x00011180	0x00000020	[  7] _s3eMemoryGetInt
0x000111A0	0x00000020	[  7] _s3eMemoryGetUserMemMgr
0x000111C0	0x00000020	[  7] _s3eMemoryHeapAddress
0x000111E0	0x00000020	[  7] _s3eMemoryHeapCreate
0x00011200	0x00000020	[  7] _s3eMemoryHeapDestroy
0x00011220	0x00000020	[  7] _s3eMemorySetInt
0x00011240	0x00000020	[  7] _s3eMemorySetUserMemMgr
0x00011260	0x00000020	[  7] _s3ePointerGetError
0x00011280	0x00000020	[  7] _s3ePointerGetErrorString
0x000112A0	0x00000020	[  7] _s3ePointerGetInt
0x000112C0	0x00000020	[  7] _s3ePointerGetState
0x000112E0	0x00000020	[  7] _s3ePointerGetTouchState
0x00011300	0x00000020	[  7] _s3ePointerGetTouchX
0x00011320	0x00000020	[  7] _s3ePointerGetTouchY
0x00011340	0x00000020	[  7] _s3ePointerGetX
0x00011360	0x00000020	[  7] _s3ePointerGetY
0x00011380	0x00000020	[  7] _s3ePointerRegister
0x000113A0	0x00000020	[  7] _s3ePointerSetInt
0x000113C0	0x00000020	[  7] _s3ePointerUnRegister
0x000113E0	0x00000020	[  7] _s3ePointerUpdate
0x00011400	0x00000020	[  7] _s3eRealloc
0x00011420	0x00000020	[  7] _s3eReallocBase
0x00011440	0x00000020	[  7] _s3eSecureStorageGet
0x00011460	0x00000020	[  7] _s3eSecureStorageGetError
0x00011480	0x00000020	[  7] _s3eSecureStorageGetErrorString
0x000114A0	0x00000020	[  7] _s3eSecureStoragePut
0x000114C0	0x00000020	[  7] _s3eSocketAccept
0x000114E0	0x00000020	[  7] _s3eSocketBind
0x00011500	0x00000020	[  7] _s3eSocketClose
0x00011520	0x00000020	[  7] _s3eSocketConnect
0x00011540	0x00000020	[  7] _s3eSocketCreate
0x00011560	0x00000020	[  7] _s3eSocketGetError
0x00011580	0x00000020	[  7] _s3eSocketGetErrorString
0x000115A0	0x00000020	[  7] _s3eSocketGetInt
0x000115C0	0x00000020	[  7] _s3eSocketGetLocalName
0x000115E0	0x00000020	[  7] _s3eSocketGetPeerName
0x00011600	0x00000020	[  7] _s3eSocketGetString
0x00011620	0x00000020	[  7] _s3eSocketListen
0x00011640	0x00000020	[  7] _s3eSocketReadable
0x00011660	0x00000020	[  7] _s3eSocketRecv
0x00011680	0x00000020	[  7] _s3eSocketRecvFrom
0x000116A0	0x00000020	[  7] _s3eSocketSend
0x000116C0	0x00000020	[  7] _s3eSocketSendTo
0x000116E0	0x00000020	[  7] _s3eSocketWritable
0x00011700	0x00000020	[  7] _s3eSoundChannelGetInt
0x00011720	0x00000020	[  7] _s3eSoundChannelGetInt64
0x00011740	0x00000020	[  7] _s3eSoundChannelPause
0x00011760	0x00000020	[  7] _s3eSoundChannelPlay
0x00011780	0x00000020	[  7] _s3eSoundChannelRegister
0x000117A0	0x00000020	[  7] _s3eSoundChannelResume
0x000117C0	0x00000020	[  7] _s3eSoundChannelSetInt
0x000117E0	0x00000020	[  7] _s3eSoundChannelSetInt64
0x00011800	0x00000020	[  7] _s3eSoundChannelStop
0x00011820	0x00000020	[  7] _s3eSoundChannelUnRegister
0x00011840	0x00000020	[  7] _s3eSoundGetError
0x00011860	0x00000020	[  7] _s3eSoundGetErrorString
0x00011880	0x00000020	[  7] _s3eSoundGetFreeChannel
0x000118A0	0x00000020	[  7] _s3eSoundGetInt
0x000118C0	0x00000020	[  7] _s3eSoundPauseAllChannels
0x000118E0	0x00000020	[  7] _s3eSoundResumeAllChannels
0x00011900	0x00000020	[  7] _s3eSoundSetInt
0x00011920	0x00000020	[  7] _s3eSoundStopAllChannels
0x00011940	0x00000020	[  7] _s3eSurfaceConvertRGB
0x00011960	0x00000020	[  7] _s3eSurfaceGetError
0x00011980	0x00000020	[  7] _s3eSurfaceGetErrorString
0x000119A0	0x00000020	[  7] _s3eSurfaceGetInt
0x000119C0	0x00000020	[  7] _s3eSurfaceInvalidate
0x000119E0	0x00000020	[  7] _s3eSurfacePtr
0x00011A00	0x00000020	[  7] _s3eSurfaceRegister
0x00011A20	0x00000020	[  7] _s3eSurfaceSetDisplayID
0x00011A40	0x00000020	[  7] _s3eSurfaceSetInt
0x00011A60	0x00000020	[  7] _s3eSurfaceSetup
0x00011A80	0x00000020	[  7] _s3eSurfaceShow
0x00011AA0	0x00000020	[  7] _s3eSurfaceUnRegister
0x00011AC0	0x00000020	[  7] _s3eTimerCancelTimer
0x00011AE0	0x00000020	[  7] _s3eTimerGetError
0x00011B00	0x00000020	[  7] _s3eTimerGetErrorString
0x00011B20	0x00000020	[  7] _s3eTimerGetInt
0x00011B40	0x00000020	[  7] _s3eTimerGetLocaltimeOffset
0x00011B60	0x00000020	[  7] _s3eTimerGetMs
0x00011B80	0x00000020	[  7] _s3eTimerGetUST
0x00011BA0	0x00000020	[  7] _s3eTimerGetUTC
0x00011BC0	0x00000020	[  7] _s3eTimerSetTimer
0x00011BE0	0x00000020	[  7] _s3eVibraGetError
0x00011C00	0x00000020	[  7] _s3eVibraGetErrorString
0x00011C20	0x00000020	[  7] _s3eVibraGetInt
0x00011C40	0x00000020	[  7] _s3eVibraSetInt
0x00011C60	0x00000020	[  7] _s3eVibraStop
0x00011C80	0x00000020	[  7] _s3eVibraVibrate
0x00011CA0	0x00000020	[  7] _s3eVideoGetError
0x00011CC0	0x00000020	[  7] _s3eVideoGetErrorString
0x00011CE0	0x00000020	[  7] _s3eVideoGetInt
0x00011D00	0x00000020	[  7] _s3eVideoIsCodecSupported
0x00011D20	0x00000020	[  7] _s3eVideoIsPlaying
0x00011D40	0x00000020	[  7] _s3eVideoPause
0x00011D60	0x00000020	[  7] _s3eVideoPlay
0x00011D80	0x00000020	[  7] _s3eVideoPlayFromBuffer
0x00011DA0	0x00000020	[  7] _s3eVideoRegister
0x00011DC0	0x00000020	[  7] _s3eVideoResume
0x00011DE0	0x00000020	[  7] _s3eVideoSetInt
0x00011E00	0x00000020	[  7] _s3eVideoStop
0x00011E20	0x00000020	[  7] _s3eVideoUnRegister
0x00011E40	0x00000020	[  7] _s3eEdkCallbacksEnqueue
0x00011E60	0x00000020	[  7] _s3eEdkCallbacksIsRegistered
0x00011E80	0x00000020	[  7] _s3eEdkCallbacksRegister
0x00011EA0	0x00000020	[  7] _s3eEdkCallbacksRegisterInternal
0x00011EC0	0x00000020	[  7] _s3eEdkCallbacksRegisterSpecific
0x00011EE0	0x00000020	[  7] _s3eEdkCallbacksUnRegister
0x00011F00	0x00000020	[  7] _s3eEdkCallbacksUnRegisterDevice
0x00011F20	0x00000020	[  7] _s3eEdkErrorGet
0x00011F40	0x00000020	[  7] _s3eEdkErrorGetString
0x00011F60	0x00000020	[  7] _s3eEdkErrorSet
0x00011F80	0x00000020	[  7] _s3eEdkErrorSetStringV
0x00011FA0	0x00000020	[  7] _s3eEdkFreeOS
0x00011FC0	0x00000020	[  7] _s3eEdkGetAppVersionMajor
0x00011FE0	0x00000020	[  7] _s3eEdkGetAppVersionMinor
0x00012000	0x00000020	[  7] _s3eEdkGlobalsGet
0x00012020	0x00000020	[  7] _s3eEdkIsInitialised
0x00012040	0x00000020	[  7] _s3eEdkLibraryClose
0x00012060	0x00000020	[  7] _s3eEdkLibraryError
0x00012080	0x00000020	[  7] _s3eEdkLibraryGetSymbol
0x000120A0	0x00000020	[  7] _s3eEdkLibraryOpen
0x000120C0	0x00000020	[  7] _s3eEdkMallocOS
0x000120E0	0x00000020	[  7] _s3eEdkReallocOS
0x00012100	0x00000020	[  7] _s3eEdkRegister
0x00012120	0x00000020	[  7] _s3eEdkSurfaceSetSize
0x00012140	0x00000020	[  7] _s3eEdkThreadRunOnOSAsyncV
0x00012160	0x00000020	[  7] _s3eEdkThreadRunOnOSV
0x00012180	0x00000020	[  7] _s3eEdkThreadSetResumed
0x000121A0	0x00000020	[  7] _s3eEdkThreadSetSuspended
0x000121C0	0x00000018	[  7] _s3eEdkThreadSleep
0x000121E0	0x00000012	[  8] __IwMain
0x000121F2	0x00000006	[  7] _s3eEdkRegister
0x000121F8	0x00000006	[  9] _IOCreatePlugInInterfaceForService
0x000121FE	0x00000006	[  9] _IOIteratorNext
0x00012204	0x00000006	[  9] _IOMasterPort
0x0001220A	0x00000006	[  9] _IONotificationPortCreate
[...]
0x0002015C	0x0000001C	[  7] FDE for: _s3eSurfaceGetInt
0x00020178	0x0000001C	[  7] FDE for: ___s3eSurfaceGetInt
0x00020194	0x0000001C	[  7] FDE for: _s3eSurfaceInvalidate
0x000201B0	0x0000001C	[  7] FDE for: ___s3eSurfaceInvalidate
0x000201CC	0x0000001C	[  7] FDE for: _s3eSurfacePtr
0x000201E8	0x0000001C	[  7] FDE for: ___s3eSurfacePtr
0x00020204	0x0000001C	[  7] FDE for: _s3eSurfaceRegister
0x00020220	0x0000001C	[  7] FDE for: ___s3eSurfaceRegister
0x0002023C	0x0000001C	[  7] FDE for: _s3eSurfaceSetDisplayID
0x00020258	0x0000001C	[  7] FDE for: ___s3eSurfaceSetDisplayID
0x00020274	0x0000001C	[  7] FDE for: _s3eSurfaceSetInt
0x00020290	0x0000001C	[  7] FDE for: ___s3eSurfaceSetInt
0x000202AC	0x0000001C	[  7] FDE for: _s3eSurfaceSetup
0x000202C8	0x0000001C	[  7] FDE for: ___s3eSurfaceSetup
0x000202E4	0x0000001C	[  7] FDE for: _s3eSurfaceShow
0x00020300	0x0000001C	[  7] FDE for: ___s3eSurfaceShow
0x0002031C	0x0000001C	[  7] FDE for: _s3eSurfaceUnRegister
0x00020338	0x0000001C	[  7] FDE for: ___s3eSurfaceUnRegister
0x00020354	0x0000001C	[  7] FDE for: _s3eTimerCancelTimer
0x00020370	0x0000001C	[  7] FDE for: ___s3eTimerCancelTimer
0x0002038C	0x0000001C	[  7] FDE for: _s3eTimerGetError
0x000203A8	0x0000001C	[  7] FDE for: ___s3eTimerGetError
0x000203C4	0x0000001C	[  7] FDE for: _s3eTimerGetErrorString
0x000203E0	0x0000001C	[  7] FDE for: ___s3eTimerGetErrorString
0x000203FC	0x0000001C	[  7] FDE for: _s3eTimerGetInt
0x00020418	0x0000001C	[  7] FDE for: ___s3eTimerGetInt
0x00020434	0x0000001C	[  7] FDE for: _s3eTimerGetLocaltimeOffset
0x00020450	0x0000001C	[  7] FDE for: ___s3eTimerGetLocaltimeOffset
0x0002046C	0x0000001C	[  7] FDE for: _s3eTimerGetMs
0x00020488	0x0000001C	[  7] FDE for: ___s3eTimerGetMs
0x000204A4	0x0000001C	[  7] FDE for: _s3eTimerGetUST
0x000204C0	0x0000001C	[  7] FDE for: ___s3eTimerGetUST
0x000204DC	0x0000001C	[  7] FDE for: _s3eTimerGetUTC
0x000204F8	0x0000001C	[  7] FDE for: ___s3eTimerGetUTC
0x00020514	0x0000001C	[  7] FDE for: _s3eTimerSetTimer
0x00020530	0x0000001C	[  7] FDE for: ___s3eTimerSetTimer
0x0002054C	0x0000001C	[  7] FDE for: _s3eVibraGetError
0x00020568	0x0000001C	[  7] FDE for: ___s3eVibraGetError
0x00020584	0x0000001C	[  7] FDE for: _s3eVibraGetErrorString
0x000205A0	0x0000001C	[  7] FDE for: ___s3eVibraGetErrorString
0x000205BC	0x0000001C	[  7] FDE for: _s3eVibraGetInt
0x000205D8	0x0000001C	[  7] FDE for: ___s3eVibraGetInt
0x000205F4	0x0000001C	[  7] FDE for: _s3eVibraSetInt
0x00020610	0x0000001C	[  7] FDE for: ___s3eVibraSetInt
0x0002062C	0x0000001C	[  7] FDE for: _s3eVibraStop
0x00020648	0x0000001C	[  7] FDE for: ___s3eVibraStop
0x00020664	0x0000001C	[  7] FDE for: _s3eVibraVibrate
0x00020680	0x0000001C	[  7] FDE for: ___s3eVibraVibrate
0x0002069C	0x0000001C	[  7] FDE for: _s3eVideoGetError
0x000206B8	0x0000001C	[  7] FDE for: ___s3eVideoGetError
0x000206D4	0x0000001C	[  7] FDE for: _s3eVideoGetErrorString
0x000206F0	0x0000001C	[  7] FDE for: ___s3eVideoGetErrorString
0x0002070C	0x0000001C	[  7] FDE for: _s3eVideoGetInt
0x00020728	0x0000001C	[  7] FDE for: ___s3eVideoGetInt
0x00020744	0x0000001C	[  7] FDE for: _s3eVideoIsCodecSupported
0x00020760	0x0000001C	[  7] FDE for: ___s3eVideoIsCodecSupported
0x0002077C	0x0000001C	[  7] FDE for: _s3eVideoIsPlaying
0x00020798	0x0000001C	[  7] FDE for: ___s3eVideoIsPlaying
0x000207B4	0x0000001C	[  7] FDE for: _s3eVideoPause
0x000207D0	0x0000001C	[  7] FDE for: ___s3eVideoPause
0x000207EC	0x0000001C	[  7] FDE for: _s3eVideoPlay
0x00020808	0x0000001C	[  7] FDE for: ___s3eVideoPlay
0x00020824	0x0000001C	[  7] FDE for: _s3eVideoPlayFromBuffer
0x00020840	0x0000001C	[  7] FDE for: ___s3eVideoPlayFromBuffer
0x0002085C	0x0000001C	[  7] FDE for: _s3eVideoRegister
0x00020878	0x0000001C	[  7] FDE for: ___s3eVideoRegister
0x00020894	0x0000001C	[  7] FDE for: _s3eVideoResume
0x000208B0	0x0000001C	[  7] FDE for: ___s3eVideoResume
0x000208CC	0x0000001C	[  7] FDE for: _s3eVideoSetInt
0x000208E8	0x0000001C	[  7] FDE for: ___s3eVideoSetInt
0x00020904	0x0000001C	[  7] FDE for: _s3eVideoStop
0x00020920	0x0000001C	[  7] FDE for: ___s3eVideoStop
0x0002093C	0x0000001C	[  7] FDE for: _s3eVideoUnRegister
0x00020958	0x0000001C	[  7] FDE for: ___s3eVideoUnRegister
0x00020974	0x0000001C	[  7] FDE for: _s3eEdkCallbacksEnqueue
0x00020990	0x0000001C	[  7] FDE for: ___s3eEdkCallbacksEnqueue
0x000209AC	0x0000001C	[  7] FDE for: _s3eEdkCallbacksIsRegistered
0x000209C8	0x0000001C	[  7] FDE for: ___s3eEdkCallbacksIsRegistered
0x000209E4	0x0000001C	[  7] FDE for: _s3eEdkCallbacksRegister
0x00020A00	0x0000001C	[  7] FDE for: ___s3eEdkCallbacksRegister
0x00020A1C	0x0000001C	[  7] FDE for: _s3eEdkCallbacksRegisterInternal
0x00020A38	0x0000001C	[  7] FDE for: ___s3eEdkCallbacksRegisterInternal
0x00020A54	0x0000001C	[  7] FDE for: _s3eEdkCallbacksRegisterSpecific
0x00020A70	0x0000001C	[  7] FDE for: ___s3eEdkCallbacksRegisterSpecific
0x00020A8C	0x0000001C	[  7] FDE for: _s3eEdkCallbacksUnRegister
0x00020AA8	0x0000001C	[  7] FDE for: ___s3eEdkCallbacksUnRegister
0x00020AC4	0x0000001C	[  7] FDE for: _s3eEdkCallbacksUnRegisterDevice
0x00020AE0	0x0000001C	[  7] FDE for: ___s3eEdkCallbacksUnRegisterDevice
0x00020AFC	0x0000001C	[  7] FDE for: _s3eEdkErrorGet
0x00020B18	0x0000001C	[  7] FDE for: ___s3eEdkErrorGet
0x00020B34	0x0000001C	[  7] FDE for: _s3eEdkErrorGetString
0x00020B50	0x0000001C	[  7] FDE for: ___s3eEdkErrorGetString
0x00020B6C	0x0000001C	[  7] FDE for: _s3eEdkErrorSet
0x00020B88	0x0000001C	[  7] FDE for: ___s3eEdkErrorSet
0x00020BA4	0x0000001C	[  7] FDE for: _s3eEdkErrorSetStringV
0x00020BC0	0x0000001C	[  7] FDE for: ___s3eEdkErrorSetStringV
0x00020BDC	0x0000001C	[  7] FDE for: _s3eEdkFreeOS
0x00020BF8	0x0000001C	[  7] FDE for: ___s3eEdkFreeOS
0x00020C14	0x0000001C	[  7] FDE for: _s3eEdkGetAppVersionMajor
0x00020C30	0x0000001C	[  7] FDE for: ___s3eEdkGetAppVersionMajor
0x00020C4C	0x0000001C	[  7] FDE for: _s3eEdkGetAppVersionMinor
0x00020C68	0x0000001C	[  7] FDE for: ___s3eEdkGetAppVersionMinor
0x00020C84	0x0000001C	[  7] FDE for: _s3eEdkGlobalsGet
0x00020CA0	0x0000001C	[  7] FDE for: ___s3eEdkGlobalsGet
0x00020CBC	0x0000001C	[  7] FDE for: _s3eEdkIsInitialised
0x00020CD8	0x0000001C	[  7] FDE for: ___s3eEdkIsInitialised
0x00020CF4	0x0000001C	[  7] FDE for: _s3eEdkLibraryClose
0x00020D10	0x0000001C	[  7] FDE for: ___s3eEdkLibraryClose
0x00020D2C	0x0000001C	[  7] FDE for: _s3eEdkLibraryError
0x00020D48	0x0000001C	[  7] FDE for: ___s3eEdkLibraryError
0x00020D64	0x0000001C	[  7] FDE for: _s3eEdkLibraryGetSymbol
0x00020D80	0x0000001C	[  7] FDE for: ___s3eEdkLibraryGetSymbol
0x00020D9C	0x0000001C	[  7] FDE for: _s3eEdkLibraryOpen
0x00020DB8	0x0000001C	[  7] FDE for: ___s3eEdkLibraryOpen
0x00020DD4	0x0000001C	[  7] FDE for: _s3eEdkMallocOS
0x00020DF0	0x0000001C	[  7] FDE for: ___s3eEdkMallocOS
0x00020E0C	0x0000001C	[  7] FDE for: _s3eEdkReallocOS
0x00020E28	0x0000001C	[  7] FDE for: ___s3eEdkReallocOS
0x00020E44	0x0000001C	[  7] FDE for: _s3eEdkRegister
0x00020E60	0x0000001C	[  7] FDE for: ___s3eEdkRegister
0x00020E7C	0x0000001C	[  7] FDE for: _s3eEdkSurfaceSetSize
0x00020E98	0x0000001C	[  7] FDE for: ___s3eEdkSurfaceSetSize
0x00020EB4	0x0000001C	[  7] FDE for: _s3eEdkThreadRunOnOSAsyncV
0x00020ED0	0x0000001C	[  7] FDE for: ___s3eEdkThreadRunOnOSAsyncV
0x00020EEC	0x0000001C	[  7] FDE for: _s3eEdkThreadRunOnOSV
0x00020F08	0x0000001C	[  7] FDE for: ___s3eEdkThreadRunOnOSV
0x00020F24	0x0000001C	[  7] FDE for: _s3eEdkThreadSetResumed
0x00020F40	0x0000001C	[  7] FDE for: ___s3eEdkThreadSetResumed
0x00020F5C	0x0000001C	[  7] FDE for: _s3eEdkThreadSetSuspended
0x00020F78	0x0000001C	[  7] FDE for: ___s3eEdkThreadSetSuspended
0x00020F94	0x0000001C	[  7] FDE for: _s3eEdkThreadSleep
0x00020FB0	0x0000001C	[  7] FDE for: ___s3eEdkThreadSleep
0x00020FCC	0x00000018	[  8] CIE
0x00020FE4	0x0000001C	[  8] FDE for: __IwMain
0x00021000	0x00000004	[  0] non-lazy-pointer-to-local: dyld_stub_binder
0x00021004	0x00000004	[  0] non-lazy-pointer
0x00021008	0x00000004	[  2] non-lazy-pointer-to: __Z20s3eHidControllerInitv
0x0002100C	0x00000004	[  2] non-lazy-pointer-to: __Z25s3eHidControllerTerminatev
0x00021010	0x00000004	[  2] non-lazy-pointer-to: ___stack_chk_guard
0x00021014	0x00000004	[  2] non-lazy-pointer-to: _s3eHidControllerGetButtonA
0x00021018	0x00000004	[  2] non-lazy-pointer-to: _s3eHidControllerGetButtonB
0x0002101C	0x00000004	[  2] non-lazy-pointer-to: _s3eHidControllerGetButtonDPadDown
0x00021020	0x00000004	[  2] non-lazy-pointer-to: _s3eHidControllerGetButtonDPadLeft
0x00021024	0x00000004	[  2] non-lazy-pointer-to: _s3eHidControllerGetButtonDPadRight
0x00021028	0x00000004	[  2] non-lazy-pointer-to: _s3eHidControllerGetButtonDPadUp
0x0002102C	0x00000004	[  2] non-lazy-pointer-to: _s3eHidControllerGetButtonLShoulderDown
0x00021030	0x00000004	[  2] non-lazy-pointer-to: _s3eHidControllerGetButtonRShoulderDown
0x00021034	0x00000004	[  2] non-lazy-pointer-to: _s3eHidControllerGetButtonSelect
0x00021038	0x00000004	[  2] non-lazy-pointer-to: _s3eHidControllerGetButtonStart
0x0002103C	0x00000004	[  2] non-lazy-pointer-to: _s3eHidControllerGetButtonStick1
0x00021040	0x00000004	[  2] non-lazy-pointer-to: _s3eHidControllerGetButtonStick2
0x00021044	0x00000004	[  2] non-lazy-pointer-to: _s3eHidControllerGetButtonX
0x00021048	0x00000004	[  2] non-lazy-pointer-to: _s3eHidControllerGetButtonY
0x0002104C	0x00000004	[  2] non-lazy-pointer-to: _s3eHidControllerGetLeftTrigger
0x00021050	0x00000004	[  2] non-lazy-pointer-to: _s3eHidControllerGetRightTrigger
0x00021054	0x00000004	[  2] non-lazy-pointer-to: _s3eHidControllerGetStick1XAxis
0x00021058	0x00000004	[  2] non-lazy-pointer-to: _s3eHidControllerGetStick1YAxis
0x0002105C	0x00000004	[  2] non-lazy-pointer-to: _s3eHidControllerGetStick2XAxis
0x00021060	0x00000004	[  2] non-lazy-pointer-to: _s3eHidControllerGetStick2YAxis
0x00021064	0x00000004	[  2] non-lazy-pointer-to: _s3eHidControllerIsConnected
0x00021068	0x00000004	[  2] non-lazy-pointer-to: _s3eHidControllerUpdate
0x0002106C	0x00000004	[  2] non-lazy-pointer-to: _s3eHidControllerUpdateLegacy
0x00021070	0x00000004	[  3] non-lazy-pointer-to: _kCFRunLoopCommonModes
0x00021074	0x00000004	[  3] non-lazy-pointer-to: _mach_task_self_
0x00021078	0x00000004	[  4] non-lazy-pointer-to: _kCFAllocatorDefault
0x0002107C	0x00000004	[  5] non-lazy-pointer-to: _kCFRunLoopDefaultMode
0x00021080	0x00000004	[  7] non-lazy-pointer-to: _g_S3E_API
0x00021084	0x00000004	[  7] _s3eEdkRegister
0x00021088	0x00000004	[  9] _IOCreatePlugInInterfaceForService
0x0002108C	0x00000004	[  9] _IOIteratorNext
0x00021090	0x00000004	[  9] _IOMasterPort
0x00021094	0x00000004	[  9] _IONotificationPortCreate
0x00021098	0x00000004	[  9] _IONotificationPortDestroy
0x0002109C	0x00000004	[  9] _IONotificationPortGetRunLoopSource
0x000210A0	0x00000004	[  9] _IOObjectConformsTo
0x000210A4	0x00000004	[  9] _IOObjectGetClass
0x000210A8	0x00000004	[  9] _IOObjectRelease
0x000210AC	0x00000004	[  9] _IORegistryEntryCreateCFProperty
0x000210B0	0x00000004	[  9] _IORegistryEntrySearchCFProperty
0x000210B4	0x00000004	[  9] _IOServiceAddMatchingNotification
0x000210B8	0x00000004	[  9] _IOServiceGetMatchingServices
0x000210BC	0x00000004	[  9] _IOServiceMatching
0x000210C0	0x00000004	[ 10] _FFCreateDevice
0x000210C4	0x00000004	[ 10] _FFDeviceEscape
0x000210C8	0x00000004	[ 10] _FFReleaseDevice
0x000210CC	0x00000004	[ 11] ___stack_chk_fail
0x000210D0	0x00000004	[ 11] _bzero
0x000210D4	0x00000004	[ 11] _mach_port_deallocate
0x000210D8	0x00000004	[ 11] _memset
0x000210DC	0x00000004	[ 11] _strcpy
0x000210E0	0x00000004	[ 11] _strlen
0x000210E4	0x00000004	[ 11] _strncat
0x000210E8	0x00000004	[ 12] _NSLog
0x000210EC	0x00000004	[ 13] _CFArrayGetCount
0x000210F0	0x00000004	[ 13] _CFArrayGetValueAtIndex
0x000210F4	0x00000004	[ 13] _CFDictionaryGetValue
0x000210F8	0x00000004	[ 13] _CFGetTypeID
0x000210FC	0x00000004	[ 13] _CFNumberGetTypeID
0x00021100	0x00000004	[ 13] _CFNumberGetValue
0x00021104	0x00000004	[ 13] _CFRelease
0x00021108	0x00000004	[ 13] _CFRunLoopAddSource
0x0002110C	0x00000004	[ 13] _CFRunLoopContainsSource
0x00021110	0x00000004	[ 13] _CFRunLoopGetCurrent
0x00021114	0x00000004	[ 13] _CFRunLoopRemoveSource
0x00021118	0x00000004	[ 13] _CFRunLoopRunInMode
0x0002111C	0x00000004	[ 13] _CFRunLoopSourceInvalidate
0x00021120	0x00000004	[ 13] _CFUUIDGetConstantUUIDWithBytes
0x00021124	0x00000004	[ 13] _CFUUIDGetUUIDBytes
0x00021128	0x00000004	[ 14] _objc_enumerationMutation
0x0002112C	0x00000004	[ 14] _objc_getProperty
0x00021130	0x00000004	[ 14] _objc_msgSend
0x00021134	0x00000004	[ 14] _objc_msgSendSuper
0x00021138	0x00000004	[ 14] _objc_msgSend_fpret
0x0002113C	0x00000004	[ 14] _objc_setProperty
0x00021140	0x00000010	[  3] CFString
0x00021150	0x00000010	[  3] CFString
0x00021160	0x00000010	[  3] CFString
0x00021170	0x00000010	[  3] CFString
0x00021180	0x00000010	[  3] CFString
0x00021190	0x00000010	[  3] CFString
0x000211A0	0x00000010	[  3] CFString
0x000211B0	0x00000010	[  3] CFString
0x000211C0	0x00000010	[  3] CFString
0x000211D0	0x00000010	[  3] CFString
0x000211E0	0x00000010	[  4] CFString
0x000211F0	0x00000010	[  4] CFString
0x00021200	0x00000010	[  4] CFString
0x00021210	0x00000010	[  4] CFString
0x00021220	0x00000010	[  4] CFString
0x00021230	0x00000010	[  4] CFString
0x00021240	0x00002D30	[  6] _g_S3E_API
0x00023F70	0x00000001	[  6] __IwAppVersionMajor
0x00023F71	0x00000001	[  6] __IwAppVersionMinor
0x00023F74	0x00000004	[  4] _sharedXbox360ControllerManager
0x00023F78	0x00000300	[  6] __Z9g_Message
0x00025000	0x00000030	[  3] .objc_class_name_Xbox360Controller
0x00025030	0x00000030	[  4] .objc_class_name_Xbox360ControllerManager
0x00025060	0x00000004	[  3] pointer-to-literal-cstring
0x00025064	0x00000004	[  3] pointer-to-literal-cstring
0x00025068	0x00000004	[  3] pointer-to-literal-cstring
0x0002506C	0x00000004	[  3] pointer-to-literal-cstring
0x00025070	0x00000004	[  3] pointer-to-literal-cstring
0x00025074	0x00000004	[  3] pointer-to-literal-cstring
0x00025078	0x00000004	[  3] pointer-to-literal-cstring
0x0002507C	0x00000004	[  3] pointer-to-literal-cstring
0x00025080	0x00000004	[  3] pointer-to-literal-cstring
0x00025084	0x00000004	[  3] pointer-to-literal-cstring
0x00025088	0x00000004	[  3] pointer-to-literal-cstring
0x0002508C	0x00000004	[  3] pointer-to-literal-cstring
0x00025090	0x00000004	[  3] pointer-to-literal-cstring
0x00025094	0x00000004	[  3] pointer-to-literal-cstring
0x00025098	0x00000004	[  3] pointer-to-literal-cstring
0x0002509C	0x00000004	[  3] pointer-to-literal-cstring
0x000250A0	0x00000004	[  3] pointer-to-literal-cstring
0x000250A4	0x00000004	[  3] pointer-to-literal-cstring
0x000250A8	0x00000004	[  3] pointer-to-literal-cstring
0x000250AC	0x00000004	[  3] pointer-to-literal-cstring
0x000250B0	0x00000004	[  3] pointer-to-literal-cstring
0x000250B4	0x00000004	[  3] pointer-to-literal-cstring
0x000250B8	0x00000004	[  3] pointer-to-literal-cstring
0x000250BC	0x00000004	[  3] pointer-to-literal-cstring
0x000250C0	0x00000004	[  3] pointer-to-literal-cstring
0x000250C4	0x00000004	[  3] pointer-to-literal-cstring
0x000250C8	0x00000004	[  3] pointer-to-literal-cstring
0x000250CC	0x00000004	[  3] pointer-to-literal-cstring
0x000250D0	0x00000004	[  3] pointer-to-literal-cstring
0x000250D4	0x00000004	[  3] pointer-to-literal-cstring
0x000250D8	0x00000004	[  3] pointer-to-literal-cstring
0x000250DC	0x00000004	[  3] pointer-to-literal-cstring
0x000250E0	0x00000004	[  3] pointer-to-literal-cstring
0x000250E4	0x00000004	[  3] pointer-to-literal-cstring
0x000250E8	0x00000004	[  3] pointer-to-literal-cstring
0x000250EC	0x00000004	[  3] pointer-to-literal-cstring
0x000250F0	0x00000004	[  3] pointer-to-literal-cstring
0x000250F4	0x00000004	[  3] pointer-to-literal-cstring
0x000250F8	0x00000004	[  3] pointer-to-literal-cstring
0x000250FC	0x00000004	[  3] pointer-to-literal-cstring
0x00025100	0x00000004	[  3] pointer-to-literal-cstring
0x00025104	0x00000004	[  3] pointer-to-literal-cstring
0x00025108	0x00000004	[  3] pointer-to-literal-cstring
0x0002510C	0x00000004	[  3] pointer-to-literal-cstring
0x00025110	0x00000004	[  3] pointer-to-literal-cstring
0x00025114	0x00000004	[  3] pointer-to-literal-cstring
0x00025118	0x00000004	[  3] pointer-to-literal-cstring
0x0002511C	0x00000004	[  3] pointer-to-literal-cstring
0x00025120	0x00000004	[  4] pointer-to-literal-cstring
0x00025124	0x00000004	[  4] pointer-to-literal-cstring
0x00025128	0x00000004	[  4] pointer-to-literal-cstring
0x0002512C	0x00000004	[  4] pointer-to-literal-cstring
0x00025130	0x00000004	[  4] pointer-to-literal-cstring
0x00025134	0x00000004	[  4] pointer-to-literal-cstring
0x00025138	0x00000004	[  4] pointer-to-literal-cstring
0x0002513C	0x00000004	[  4] pointer-to-literal-cstring
0x00025140	0x00000004	[  4] pointer-to-literal-cstring
0x00025144	0x00000004	[  4] pointer-to-literal-cstring
0x00025148	0x00000004	[  4] pointer-to-literal-cstring
0x0002514C	0x00000004	[  4] pointer-to-literal-cstring
0x00025150	0x00000004	[  4] pointer-to-literal-cstring
0x00025154	0x00000004	[  4] pointer-to-literal-cstring
0x00025158	0x00000004	[  4] pointer-to-literal-cstring
0x0002515C	0x00000004	[  4] pointer-to-literal-cstring
0x00025160	0x00000004	[  4] pointer-to-literal-cstring
0x00025164	0x00000004	[  4] pointer-to-literal-cstring
0x00025168	0x00000004	[  4] pointer-to-literal-cstring
0x0002516C	0x00000004	[  4] pointer-to-literal-cstring
0x00025170	0x00000004	[  4] pointer-to-literal-cstring
0x00025174	0x00000004	[  4] pointer-to-literal-cstring
0x00025178	0x00000004	[  4] pointer-to-literal-cstring
0x0002517C	0x00000004	[  4] pointer-to-literal-cstring
0x00025180	0x00000004	[  4] pointer-to-literal-cstring
0x00025184	0x00000004	[  5] pointer-to-literal-cstring
0x00025188	0x00000004	[  5] pointer-to-literal-cstring
0x0002518C	0x00000004	[  5] pointer-to-literal-cstring
0x00025190	0x00000004	[  5] pointer-to-literal-cstring
0x00025194	0x00000004	[  5] pointer-to-literal-cstring
0x00025198	0x00000004	[  5] pointer-to-literal-cstring
0x0002519C	0x00000004	[  5] pointer-to-literal-cstring
0x000251A0	0x00000004	[  5] pointer-to-literal-cstring
0x000251A4	0x00000004	[  5] pointer-to-literal-cstring
0x000251A8	0x00000004	[  5] pointer-to-literal-cstring
0x000251AC	0x00000004	[  5] pointer-to-literal-cstring
0x000251B0	0x00000004	[  5] pointer-to-literal-cstring
0x000251B4	0x00000004	[  5] pointer-to-literal-cstring
0x000251B8	0x00000004	[  5] pointer-to-literal-cstring
0x000251BC	0x00000004	[  5] pointer-to-literal-cstring
0x000251C0	0x00000004	[  5] pointer-to-literal-cstring
0x000251C4	0x00000004	[  5] pointer-to-literal-cstring
0x000251C8	0x00000004	[  5] pointer-to-literal-cstring
0x000251CC	0x00000004	[  5] pointer-to-literal-cstring
0x000251D0	0x00000004	[  5] pointer-to-literal-cstring
0x000251D4	0x00000004	[  5] pointer-to-literal-cstring
0x000251D8	0x00000004	[  5] pointer-to-literal-cstring
0x000251DC	0x00000004	[  5] pointer-to-literal-cstring
0x000251E0	0x00000004	[  5] pointer-to-literal-cstring
0x000251E4	0x00000030	[  3] anon
0x00025214	0x00000030	[  4] anon
0x00025244	0x000001FC	[  3] anon
0x00025440	0x00000070	[  4] anon
0x000254B0	0x000001E8	[  3] anon
0x00025698	0x0000005C	[  4] anon
0x000256F4	0x000000D8	[  3] l_OBJC_$_PROP_LIST_Xbox360Controller
0x000257CC	0x00000010	[  4] l_OBJC_$_PROP_LIST_Xbox360ControllerManager
0x000257DC	0x0000000C	[  3] anon
0x000257E8	0x0000000C	[  4] anon
0x000257F4	0x00000010	[  3] anon
0x00025804	0x00000010	[  4] anon
0x00025814	0x00000010	[  3] anon
0x00025824	0x00000010	[  4] anon
0x00025834	0x00000010	[  5] anon
0x00025844	0x00000004	[  4] pointer-to-literal-objc-class-name
0x00025848	0x00000004	[  4] pointer-to-literal-objc-class-name
0x0002584C	0x00000004	[  4] pointer-to-literal-objc-class-name
0x00025850	0x00000004	[  4] pointer-to-literal-objc-class-name
0x00025854	0x00000004	[  4] pointer-to-literal-objc-class-name
0x00025858	0x00000004	[  4] pointer-to-literal-objc-class-name
0x0002585C	0x00000004	[  4] pointer-to-literal-objc-class-name
0x00025860	0x00000020	[  4] anon
0x00025880	0x00000008	[  0] objc image info
